== ARCHIVE: step_h S22 subset run, taken from the cluster working copy ==
Archived 2026-10-01. docs/tables_and_provenance.md (MAIN-skeleton) cites the water level-1
uncorrected interaction energy (-7.816) and the benzene level-0 XC/NLC split (-4.457 / -4.448
/ -0.009) straight out of this stdout, which lived only under nlcsplit/logs/ - gitignored, so a
reader could not open it. Body below is verbatim; the geometry-source path on its first line is a
cluster working directory and the exporter publishes a path-scrubbed copy with a ledger entry,
which is the normal route for these files. Source SHA-256: 356fcf05bec2abc59d28686537a99b29db06477b1d85aec9e4c1cafac529bbdb

--- verbatim stdout below ---
== S22 子集 ωB97X-V/6-31g* level=1，几何来源 <S22_GEOMETRY_DIR> ==
    复合物          N= 20248  E_xc(其余)=-11757.5276  E_NLC=  +52.9345  其中β∫ρ= +60.8295  E_coul= +70255.0911  NLC两实现差=5.7e-06 闭合=0.0e+00 kcal/mol
    单体           N= 10128  E_xc(其余)= -5876.7311  E_NLC=  +26.7636  其中β∫ρ= +30.4148  E_coul= +29375.0652  NLC两实现差=4.1e-06 闭合=0.0e+00 kcal/mol
    单体           N= 10128  E_xc(其余)= -5877.6819  E_NLC=  +26.7644  其中β∫ρ= +30.4148  E_coul= +29383.4204  NLC两实现差=3.8e-06 闭合=8.9e-12 kcal/mol
  水二聚体       原子  6 片间min 1.95Å  ΔE_int  -7.816  ΔE_xc  -3.708  ΔE_NLC  -0.593  P_frz[becke]  -0.601  方案跨度  0.043  P/CP  1.01     94s
    复合物          N= 25072  E_xc(其余)=-10114.1201  E_NLC=  +51.9232  其中β∫ρ= +60.8290  E_coul= +59577.0966  NLC两实现差=9.8e-06 闭合=8.9e-12 kcal/mol
    单体           N= 12536  E_xc(其余)= -5056.9583  E_NLC=  +26.3006  其中β∫ρ= +30.4147  E_coul= +24601.6898  NLC两实现差=6.7e-06 闭合=1.3e-11 kcal/mol
    单体           N= 12536  E_xc(其余)= -5056.9583  E_NLC=  +26.3006  其中β∫ρ= +30.4147  E_coul= +24601.6898  NLC两实现差=6.7e-06 闭合=4.5e-12 kcal/mol
  氨二聚体       原子  8 片间min 2.15Å  ΔE_int  -5.167  ΔE_xc  -0.881  ΔE_NLC  -0.678  P_frz[becke]  -0.649  方案跨度  0.029  P/CP  0.96    143s
    复合物          N= 30136  E_xc(其余)= -8700.1816  E_NLC=  +51.4321  其中β∫ρ= +60.8298  E_coul= +49990.8914  NLC两实现差=2.0e-05 闭合=0.0e+00 kcal/mol
    单体           N= 15072  E_xc(其余)= -4350.2333  E_NLC=  +25.9744  其中β∫ρ= +30.4150  E_coul= +20567.3217  NLC两实现差=1.5e-05 闭合=0.0e+00 kcal/mol
    单体           N= 15072  E_xc(其余)= -4350.2333  E_NLC=  +25.9744  其中β∫ρ= +30.4150  E_coul= +20567.3217  NLC两实现差=1.5e-05 闭合=0.0e+00 kcal/mol
  甲烷二聚体      原子 10 片间min 3.16Å  ΔE_int  -0.664  ΔE_xc  -0.232  ΔE_NLC  -0.517  P_frz[becke]  -0.474  方案跨度  0.004  P/CP  0.92    199s
    复合物          N= 56040  E_xc(其余)=-27780.3609  E_NLC= +126.7312  其中β∫ρ=+158.1568  E_coul=+263769.8998  NLC两实现差=1.8e-05 闭合=3.6e-11 kcal/mol
    单体           N= 45912  E_xc(其余)=-21900.9100  E_NLC= +101.2262  其中β∫ρ=+127.7422  E_coul=+196637.3085  NLC两实现差=1.8e-05 闭合=1.8e-11 kcal/mol
    单体           N= 10128  E_xc(其余)= -5876.6977  E_NLC=  +26.7636  其中β∫ρ= +30.4148  E_coul= +29373.4168  NLC两实现差=4.1e-06 闭合=8.9e-12 kcal/mol
  苯-水        原子 15 片间min 2.60Å  ΔE_int  -4.342  ΔE_xc  -4.012  ΔE_NLC  -1.259  P_frz[becke]  -1.360  方案跨度  0.247  P/CP  1.08    927s
    复合物          N= 58448  E_xc(其余)=-26960.8053  E_NLC= +126.1983  其中β∫ρ=+158.1565  E_coul=+257350.2070  NLC两实现差=2.0e-05 闭合=7.1e-11 kcal/mol
    单体           N= 45912  E_xc(其余)=-21901.5499  E_NLC= +101.2243  其中β∫ρ=+127.7422  E_coul=+196661.9691  NLC两实现差=1.7e-05 闭合=1.8e-11 kcal/mol
    单体           N= 12536  E_xc(其余)= -5057.6677  E_NLC=  +26.3014  其中β∫ρ= +30.4147  E_coul= +24605.7122  NLC两实现差=6.8e-06 闭合=0.0e+00 kcal/mol
  苯-氨        原子 16 片间min 2.76Å  ΔE_int  -2.928  ΔE_xc  -2.915  ΔE_NLC  -1.327  P_frz[becke]  -1.393  方案跨度  0.224  P/CP  1.05    975s
    复合物          N= 60984  E_xc(其余)=-26256.0423  E_NLC= +125.7954  其中β∫ρ=+158.1579  E_coul=+251986.5229  NLC两实现差=2.5e-05 闭合=3.6e-11 kcal/mol
    单体           N= 45912  E_xc(其余)=-21902.1034  E_NLC= +101.2220  其中β∫ρ=+127.7417  E_coul=+196684.2302  NLC两实现差=1.9e-05 闭合=1.8e-11 kcal/mol
    单体           N= 15072  E_xc(其余)= -4353.0207  E_NLC=  +25.9775  其中β∫ρ= +30.4149  E_coul= +20590.7410  NLC两实现差=1.4e-05 闭合=4.5e-12 kcal/mol
  苯-甲烷       原子 17 片间min 2.98Å  ΔE_int  -1.785  ΔE_xc  -2.322  ΔE_NLC  -1.404  P_frz[becke]  -1.442  方案跨度  0.213  P/CP  1.03   1008s

  汇总
    水二聚体       ΔE_NLC  -0.593   P_frz 跨度  0.043 (  7.2%)
    氨二聚体       ΔE_NLC  -0.678   P_frz 跨度  0.029 (  4.5%)
    甲烷二聚体      ΔE_NLC  -0.517   P_frz 跨度  0.004 (  0.9%)
    苯-水        ΔE_NLC  -1.259   P_frz 跨度  0.247 ( 18.2%)
    苯-氨        ΔE_NLC  -1.327   P_frz 跨度  0.224 ( 16.1%)
    苯-甲烷       ΔE_NLC  -1.404   P_frz 跨度  0.213 ( 14.8%)
[batch4] done 05:06:23
