== ωB97X-V/6-31g*，网格 level=0 ==
  水二聚体 / 初始 S22 结构
    ∫ρ: SC=19.992853  SUP=19.993855  (N_e=20) → β∫ρ 项在两密度下相同，相互作用差里精确抵消
    E_nl[SC]=  -7.7736  E_nl[ρ_sup]=  -7.7665  E_nl[A]+E_nl[B]=  -7.2510   (kcal/mol)
    片间成对项  P_frz= -0.5316   P_sup= -0.5280   弛豫对成对项的贡献= -0.0036
    超位置差 CP= -0.5226   同网格纯弛豫 relax= -0.0071   P_frz/CP= 1.017   relax/CP= 0.014
    可加性校验 |E_nl-Recon|=0.00e+00

  苯 sandwich E_SCF=-464.4707483151 |g|max=7.302e-03（D6h 对称，应≈0）
  优化 5 步  E_SCF=-464.3533029779  |g|max=8.82e-05  success=True
  苯 sandwich
    ∫ρ: SC=84.038083  SUP=84.038271  (N_e=84) → β∫ρ 项在两密度下相同，相互作用差里精确抵消
    E_nl[SC]= -56.8372  E_nl[ρ_sup]= -56.8359  E_nl[A]+E_nl[B]= -53.4454   (kcal/mol)
    片间成对项  P_frz= -3.1025   P_sup= -3.1010   弛豫对成对项的贡献= -0.0015
    超位置差 CP= -3.3918   同网格纯弛豫 relax= -0.0013   P_frz/CP= 0.915   relax/CP= 0.000
    可加性校验 |E_nl-Recon|=0.00e+00

  优化 12 步  E_SCF=-152.7645176954  |g|max=1.61e-04  success=True
  优化后 O..O = 2.901 Å
  水二聚体 / 优化后结构
    ∫ρ: SC=19.992806  SUP=19.993970  (N_e=20) → β∫ρ 项在两密度下相同，相互作用差里精确抵消
    E_nl[SC]=  -7.8495  E_nl[ρ_sup]=  -7.8473  E_nl[A]+E_nl[B]=  -7.2667   (kcal/mol)
    片间成对项  P_frz= -0.5975   P_sup= -0.5978   弛豫对成对项的贡献= +0.0003
    超位置差 CP= -0.5828   同网格纯弛豫 relax= -0.0023   P_frz/CP= 1.025   relax/CP= 0.004
    可加性校验 |E_nl-Recon|=3.47e-18

总用时 6774s
