== S22 子集 ωB97X-V/6-31g* level=2，几何来源 <S22_GEOMETRY_DIR> ==
    复合物          N= 43904  E_xc(其余)=-11757.5328  E_NLC=  +52.9345  其中β∫ρ= +60.8295  E_coul= +70255.0515  NLC两实现差=5.3e-06 闭合=1.8e-11 kcal/mol
    单体           N= 21952  E_xc(其余)= -5876.7318  E_NLC=  +26.7635  其中β∫ρ= +30.4148  E_coul= +29375.0345  NLC两实现差=3.9e-06 闭合=0.0e+00 kcal/mol
    单体           N= 21952  E_xc(其余)= -5877.6844  E_NLC=  +26.7644  其中β∫ρ= +30.4148  E_coul= +29383.4038  NLC两实现差=3.8e-06 闭合=8.9e-12 kcal/mol
    复合物(反泊松参照)   N= 43904  E_xc(其余)=-11757.5328  E_NLC=  +52.9345  其中β∫ρ= +60.8295  E_coul= +70255.0515  NLC两实现差=5.3e-06 闭合=1.8e-11 kcal/mol
  水二聚体       原子  6 片间min 1.95Å  ΔE_int  -7.816  ΔE_int(反泊松)  -6.129  ΔE_xc  -3.710  ΔE_NLC  -0.593  P_frz[becke]  -0.601  方案跨度  0.043  P/Δsup  1.01    480s
    复合物          N= 54216  E_xc(其余)=-10114.1173  E_NLC=  +51.9238  其中β∫ρ= +60.8296  E_coul= +59576.9973  NLC两实现差=8.8e-06 闭合=8.9e-12 kcal/mol
    单体           N= 27112  E_xc(其余)= -5056.9559  E_NLC=  +26.3007  其中β∫ρ= +30.4148  E_coul= +24601.6393  NLC两实现差=6.7e-06 闭合=4.5e-12 kcal/mol
    单体           N= 27112  E_xc(其余)= -5056.9559  E_NLC=  +26.3007  其中β∫ρ= +30.4148  E_coul= +24601.6393  NLC两实现差=6.7e-06 闭合=4.5e-12 kcal/mol
    复合物(反泊松参照)   N= 54216  E_xc(其余)=-10114.1173  E_NLC=  +51.9238  其中β∫ρ= +60.8296  E_coul= +59576.9973  NLC两实现差=8.8e-06 闭合=8.9e-12 kcal/mol
  氨二聚体       原子  8 片间min 2.15Å  ΔE_int  -5.166  ΔE_int(反泊松)  -3.675  ΔE_xc  -0.883  ΔE_NLC  -0.678  P_frz[becke]  -0.649  方案跨度  0.028  P/Δsup  0.96    764s
    复合物          N= 65392  E_xc(其余)= -8700.1668  E_NLC=  +51.4321  其中β∫ρ= +60.8295  E_coul= +49990.7817  NLC两实现差=1.6e-05 闭合=0.0e+00 kcal/mol
    单体           N= 32696  E_xc(其余)= -4350.2273  E_NLC=  +25.9744  其中β∫ρ= +30.4148  E_coul= +20567.2562  NLC两实现差=1.2e-05 闭合=0.0e+00 kcal/mol
    单体           N= 32696  E_xc(其余)= -4350.2273  E_NLC=  +25.9744  其中β∫ρ= +30.4148  E_coul= +20567.2562  NLC两实现差=1.2e-05 闭合=0.0e+00 kcal/mol
    复合物(反泊松参照)   N= 65392  E_xc(其余)= -8700.1668  E_NLC=  +51.4321  其中β∫ρ= +60.8295  E_coul= +49990.7817  NLC两实现差=1.6e-05 闭合=1.8e-11 kcal/mol
  甲烷二聚体      原子 10 片间min 3.16Å  ΔE_int  -0.662  ΔE_int(反泊松)  -0.466  ΔE_xc  -0.229  ΔE_NLC  -0.517  P_frz[becke]  -0.475  方案跨度  0.003  P/Δsup  0.92   1093s
    复合物          N=121432  E_xc(其余)=-27780.3367  E_NLC= +126.7328  其中β∫ρ=+158.1566  E_coul=+263769.6026  NLC两实现差=1.7e-05 闭合=1.1e-10 kcal/mol
    单体           N= 99480  E_xc(其余)=-21900.8877  E_NLC= +101.2283  其中β∫ρ=+127.7418  E_coul=+196637.0387  NLC两实现差=1.6e-05 闭合=7.1e-11 kcal/mol
    单体           N= 21952  E_xc(其余)= -5876.6981  E_NLC=  +26.7635  其中β∫ρ= +30.4148  E_coul= +29373.3858  NLC两实现差=3.9e-06 闭合=0.0e+00 kcal/mol
    复合物(反泊松参照)   N=121432  E_xc(其余)=-27780.3367  E_NLC= +126.7328  其中β∫ρ=+158.1566  E_coul=+263769.6026  NLC两实现差=1.7e-05 闭合=7.1e-11 kcal/mol
  苯-水        原子 15 片间min 2.60Å  ΔE_int  -4.341  ΔE_int(反泊松)  -3.266  ΔE_xc  -4.010  ΔE_NLC  -1.259  P_frz[becke]  -1.361  方案跨度  0.248  P/Δsup  1.08   4163s
    复合物          N=126592  E_xc(其余)=-26960.7776  E_NLC= +126.2009  其中β∫ρ=+158.1566  E_coul=+257349.8820  NLC两实现差=1.9e-05 闭合=7.1e-11 kcal/mol
    单体           N= 99480  E_xc(其余)=-21901.5280  E_NLC= +101.2271  其中β∫ρ=+127.7419  E_coul=+196661.7163  NLC两实现差=1.6e-05 闭合=0.0e+00 kcal/mol
    单体           N= 27112  E_xc(其余)= -5057.6642  E_NLC=  +26.3016  其中β∫ρ= +30.4147  E_coul= +24605.6703  NLC两实现差=6.8e-06 闭合=8.9e-12 kcal/mol
    复合物(反泊松参照)   N=126592  E_xc(其余)=-26960.7776  E_NLC= +126.2009  其中β∫ρ=+158.1566  E_coul=+257349.8820  NLC两实现差=1.9e-05 闭合=1.1e-10 kcal/mol
  苯-氨        原子 16 片间min 2.76Å  ΔE_int  -2.929  ΔE_int(反泊松)  -2.169  ΔE_xc  -2.913  ΔE_NLC  -1.328  P_frz[becke]  -1.393  方案跨度  0.223  P/Δsup  1.05   4610s
    复合物          N=132176  E_xc(其余)=-26256.0181  E_NLC= +125.7984  其中β∫ρ=+158.1569  E_coul=+251986.2641  NLC两实现差=2.2e-05 闭合=1.1e-10 kcal/mol
    单体           N= 99480  E_xc(其余)=-21902.0838  E_NLC= +101.2255  其中β∫ρ=+127.7421  E_coul=+196683.9699  NLC两实现差=1.7e-05 闭合=0.0e+00 kcal/mol
    单体           N= 32696  E_xc(其余)= -4353.0144  E_NLC=  +25.9775  其中β∫ρ= +30.4147  E_coul= +20590.6772  NLC两实现差=1.1e-05 闭合=4.5e-12 kcal/mol
