
=== h2o_dimer  level=1  n_grid=19936  kept_points=17227
    E_pair = -7.813043 kcal/mol   atoms=6  leaves=697   leafpairs=197686
    原子块精确路径耗时 7.37 s；建树 6.74 s
   pair   gapA   boxA       exact    ball_bnd     box_bnd   ball/ex    box/ex  nleafP  nleafQ
  1-3     0.00   0.00   1.564e-02   9.378e+05   9.378e+05   6.0e+07   6.0e+07      86     166
  0-3     0.00   0.00   1.028e-01   5.269e+06   5.269e+06   5.1e+07   5.1e+07     178     166
  2-3     0.00   0.00   1.661e-02   8.363e+05   8.363e+05   5.0e+07   5.0e+07      87     166
  2-5     0.00   0.00   4.512e-03   1.393e+05   1.393e+05   3.1e+07   3.1e+07      87      86
  0-5     0.00   0.00   3.324e-02   8.748e+05   8.748e+05   2.6e+07   2.6e+07     178      86
  1-5     0.00   0.00   7.225e-03   1.559e+05   1.559e+05   2.2e+07   2.2e+07      86      86
  1-4     0.00   0.00   4.184e-02   1.847e+05   1.847e+05   4.4e+06   4.4e+06      86      94
  0-4     0.00   0.00   2.602e-01   1.037e+06   1.037e+06   4.0e+06   4.0e+06     178      94
  2-4     0.00   0.00   4.161e-02   1.648e+05   1.648e+05   4.0e+06   4.0e+06      87      94
  3-4     0.00   0.00   7.235e-01   1.116e+06   1.116e+06   1.5e+06   1.5e+06     166      94
  3-5     0.00   0.00   7.020e-01   9.402e+05   9.402e+05   1.3e+06   1.3e+06     166      86
  0-1     0.00   0.00   6.771e-01   8.724e+05   8.724e+05   1.3e+06   1.3e+06     178      86
  0-2     0.00   0.00   6.754e-01   7.785e+05   7.785e+05   1.2e+06   1.2e+06     178      87
  4-5     0.00   0.00   1.805e-01   1.852e+05   1.852e+05   1.0e+06   1.0e+06      94      86
  1-2     0.00   0.00   1.653e-01   1.389e+05   1.389e+05   8.4e+05   8.4e+05      86      87
    sum(exact) = 3.6475   sum(ball bound) = 1.363e+07   sum(box bound) = 1.363e+07 kcal/mol
    ball/exact = 3.74e+06   box/exact = 3.74e+06   box is 1.0e+00x tighter
    pairs whose *root* box bound is already <= 1e-8 Ha: 0/15
    tau=1e-12 Ha: accepted   19157  visited  157184  leafpairs  138042/197686  work_frac=69.829%  pointpairs kept    154575497/   176354266  flop_frac=87.651%  cert=5.248e-09 Ha  |dE|=6.738e-10 Ha    11.8 s  vs 原子块 7.4 s
    tau=1e-10 Ha: accepted   25554  visited  135864  leafpairs  110325/197686  work_frac=55.808%  pointpairs kept    137398579/   176354266  flop_frac=77.911%  cert=8.314e-07 Ha  |dE|=1.227e-07 Ha    10.8 s  vs 原子块 7.4 s
    tau=1e-08 Ha: accepted   32131  visited  101119  leafpairs   69003/197686  work_frac=34.905%  pointpairs kept    104489756/   176354266  flop_frac=59.250%  cert=1.278e-04 Ha  |dE|=2.346e-05 Ha     7.6 s  vs 原子块 7.4 s
    tau=1e-06 Ha: accepted   36019  visited   45758  leafpairs    9754/197686  work_frac= 4.934%  pointpairs kept     63018184/   176354266  flop_frac=35.734%  cert=1.463e-02 Ha  |dE|=2.126e-03 Ha     3.0 s  vs 原子块 7.4 s
    tau=0.0001 Ha: accepted    9521  visited    9518  leafpairs      12/197686  work_frac= 0.006%  pointpairs kept     55965715/   176354266  flop_frac=31.735%  cert=1.868e-01 Ha  |dE|=5.812e-03 Ha     1.7 s  vs 原子块 7.4 s

=== benzene_sandwich  level=0  n_grid=19752  kept_points=18792
    E_pair = -56.788661 kcal/mol   atoms=24  leaves=1112   leafpairs=588908
    原子块精确路径耗时 5.03 s；建树 4.80 s
   pair   gapA   boxA       exact    ball_bnd     box_bnd   ball/ex    box/ex  nleafP  nleafQ
  1-19    0.00   0.00   1.152e-03   2.239e+05   2.239e+05   1.9e+08   1.9e+08      39      39
  7-13    0.00   0.00   1.152e-03   2.239e+05   2.239e+05   1.9e+08   1.9e+08      39      39
  8-14    0.00   0.00   2.723e-02   4.049e+06   4.049e+06   1.5e+08   1.5e+08      64      63
 10-16    0.00   0.00   2.723e-02   4.049e+06   4.049e+06   1.5e+08   1.5e+08      62      65
  2-20    0.00   0.00   2.723e-02   4.049e+06   4.049e+06   1.5e+08   1.5e+08      62      65
  4-22    0.00   0.00   2.723e-02   4.049e+06   4.049e+06   1.5e+08   1.5e+08      64      63
 11-16    0.00   0.00   5.520e-03   7.997e+05   7.997e+05   1.4e+08   1.4e+08      25      65
  8-15    0.00   0.00   5.520e-03   7.997e+05   7.997e+05   1.4e+08   1.4e+08      64      25
  9-14    0.00   0.00   5.520e-03   7.997e+05   7.997e+05   1.4e+08   1.4e+08      25      63
  3-20    0.00   0.00   5.520e-03   7.997e+05   7.997e+05   1.4e+08   1.4e+08      25      65
  4-23    0.00   0.00   5.520e-03   7.997e+05   7.997e+05   1.4e+08   1.4e+08      64      25
  2-21    0.00   0.00   5.520e-03   7.997e+05   7.997e+05   1.4e+08   1.4e+08      62      25
  5-22    0.00   0.00   5.520e-03   7.997e+05   7.997e+05   1.4e+08   1.4e+08      25      63
 10-17    0.00   0.00   5.520e-03   7.997e+05   7.997e+05   1.4e+08   1.4e+08      62      25
  9-15    0.00   0.00   1.134e-03   1.638e+05   1.638e+05   1.4e+08   1.4e+08      25      25
  5-23    0.00   0.00   1.134e-03   1.638e+05   1.638e+05   1.4e+08   1.4e+08      25      25
 11-17    0.00   0.00   1.134e-03   1.638e+05   1.638e+05   1.4e+08   1.4e+08      25      25
  3-21    0.00   0.00   1.134e-03   1.638e+05   1.638e+05   1.4e+08   1.4e+08      25      25
  6-13    0.00   0.00   5.581e-03   7.183e+05   7.183e+05   1.3e+08   1.3e+08      62      39
  7-12    0.00   0.00   5.581e-03   7.183e+05   7.183e+05   1.3e+08   1.3e+08      39      62
  0-19    0.00   0.00   5.581e-03   7.183e+05   7.183e+05   1.3e+08   1.3e+08      62      39
  1-18    0.00   0.00   5.581e-03   7.183e+05   7.183e+05   1.3e+08   1.3e+08      39      62
  2-19    0.00   0.00   7.893e-03   9.417e+05   9.417e+05   1.2e+08   1.2e+08      62      39
 10-19    0.00   0.00   7.893e-03   9.417e+05   9.417e+05   1.2e+08   1.2e+08      62      39
  8-13    0.00   0.00   7.893e-03   9.417e+05   9.417e+05   1.2e+08   1.2e+08      64      39
  7-14    0.00   0.00   7.893e-03   9.417e+05   9.417e+05   1.2e+08   1.2e+08      39      63
  4-13    0.00   0.00   7.893e-03   9.417e+05   9.417e+05   1.2e+08   1.2e+08      64      39
  1-16    0.00   0.00   7.893e-03   9.417e+05   9.417e+05   1.2e+08   1.2e+08      39      65
  7-22    0.00   0.00   7.893e-03   9.417e+05   9.417e+05   1.2e+08   1.2e+08      39      63
  1-20    0.00   0.00   7.893e-03   9.417e+05   9.417e+05   1.2e+08   1.2e+08      39      65
  8-16    0.00   0.00   3.472e-02   4.049e+06   4.049e+06   1.2e+08   1.2e+08      64      65
  4-20    0.00   0.00   3.472e-02   4.049e+06   4.049e+06   1.2e+08   1.2e+08      64      65
 10-14    0.00   0.00   3.472e-02   4.049e+06   4.049e+06   1.2e+08   1.2e+08      62      63
  2-22    0.00   0.00   3.472e-02   4.049e+06   4.049e+06   1.2e+08   1.2e+08      62      63
  9-16    0.00   0.00   7.830e-03   7.997e+05   7.997e+05   1.0e+08   1.0e+08      25      65
  5-20    0.00   0.00   7.830e-03   7.997e+05   7.997e+05   1.0e+08   1.0e+08      25      65
  8-17    0.00   0.00   7.830e-03   7.997e+05   7.997e+05   1.0e+08   1.0e+08      64      25
 11-14    0.00   0.00   7.830e-03   7.997e+05   7.997e+05   1.0e+08   1.0e+08      25      63
  4-21    0.00   0.00   7.830e-03   7.997e+05   7.997e+05   1.0e+08   1.0e+08      64      25
  2-23    0.00   0.00   7.830e-03   7.997e+05   7.997e+05   1.0e+08   1.0e+08      62      25
 10-15    0.00   0.00   7.830e-03   7.997e+05   7.997e+05   1.0e+08   1.0e+08      62      25
  3-22    0.00   0.00   7.830e-03   7.997e+05   7.997e+05   1.0e+08   1.0e+08      25      63
 11-19    0.00   0.00   1.897e-03   1.913e+05   1.913e+05   1.0e+08   1.0e+08      25      39
  3-19    0.00   0.00   1.897e-03   1.913e+05   1.913e+05   1.0e+08   1.0e+08      25      39
  9-13    0.00   0.00   1.897e-03   1.913e+05   1.913e+05   1.0e+08   1.0e+08      25      39
  5-13    0.00   0.00   1.897e-03   1.913e+05   1.913e+05   1.0e+08   1.0e+08      25      39
  7-15    0.00   0.00   1.897e-03   1.913e+05   1.913e+05   1.0e+08   1.0e+08      39      25
  7-23    0.00   0.00   1.897e-03   1.913e+05   1.913e+05   1.0e+08   1.0e+08      39      25
  1-21    0.00   0.00   1.897e-03   1.913e+05   1.913e+05   1.0e+08   1.0e+08      39      25
  1-17    0.00   0.00   1.897e-03   1.913e+05   1.913e+05   1.0e+08   1.0e+08      39      25
  6-14    0.00   0.00   3.474e-02   3.046e+06   3.046e+06   8.8e+07   8.8e+07      62      63
  8-12    0.00   0.00   3.474e-02   3.046e+06   3.046e+06   8.8e+07   8.8e+07      64      62
  4-12    0.00   0.00   3.474e-02   3.046e+06   3.046e+06   8.8e+07   8.8e+07      64      62
  6-22    0.00   0.00   3.474e-02   3.046e+06   3.046e+06   8.8e+07   8.8e+07      62      63
  0-16    0.00   0.00   3.474e-02   3.046e+06   3.046e+06   8.8e+07   8.8e+07      62      65
  2-18    0.00   0.00   3.474e-02   3.046e+06   3.046e+06   8.8e+07   8.8e+07      62      62
 10-18    0.00   0.00   3.474e-02   3.046e+06   3.046e+06   8.8e+07   8.8e+07      62      62
  0-20    0.00   0.00   3.474e-02   3.046e+06   3.046e+06   8.8e+07   8.8e+07      62      65
  5-21    0.00   0.00   1.895e-03   1.638e+05   1.638e+05   8.6e+07   8.6e+07      25      25
  9-17    0.00   0.00   1.895e-03   1.638e+05   1.638e+05   8.6e+07   8.6e+07      25      25
 11-15    0.00   0.00   1.895e-03   1.638e+05   1.638e+05   8.6e+07   8.6e+07      25      25
  3-23    0.00   0.00   1.895e-03   1.638e+05   1.638e+05   8.6e+07   8.6e+07      25      25
  6-12    0.00   0.00   2.723e-02   2.312e+06   2.312e+06   8.5e+07   8.5e+07      62      62
  0-18    0.00   0.00   2.723e-02   2.312e+06   2.312e+06   8.5e+07   8.5e+07      62      62
  6-23    0.00   0.00   7.810e-03   6.124e+05   6.124e+05   7.8e+07   7.8e+07      62      25
  6-15    0.00   0.00   7.810e-03   6.124e+05   6.124e+05   7.8e+07   7.8e+07      62      25
  9-12    0.00   0.00   7.810e-03   6.124e+05   6.124e+05   7.8e+07   7.8e+07      25      62
  5-12    0.00   0.00   7.810e-03   6.124e+05   6.124e+05   7.8e+07   7.8e+07      25      62
 11-18    0.00   0.00   7.810e-03   6.124e+05   6.124e+05   7.8e+07   7.8e+07      25      62
  3-18    0.00   0.00   7.810e-03   6.124e+05   6.124e+05   7.8e+07   7.8e+07      25      62
  0-21    0.00   0.00   7.810e-03   6.124e+05   6.124e+05   7.8e+07   7.8e+07      62      25
  0-17    0.00   0.00   7.810e-03   6.124e+05   6.124e+05   7.8e+07   7.8e+07      62      25
  2-16    0.00   0.00   6.112e-02   4.049e+06   4.049e+06   6.6e+07   6.6e+07      62      65
  4-14    0.00   0.00   6.112e-02   4.049e+06   4.049e+06   6.6e+07   6.6e+07      64      63
  8-22    0.00   0.00   6.112e-02   4.049e+06   4.049e+06   6.6e+07   6.6e+07      64      63
 10-20    0.00   0.00   6.112e-02   4.049e+06   4.049e+06   6.6e+07   6.6e+07      62      65
 13-19    0.00   0.00   3.799e-03   2.239e+05   2.239e+05   5.9e+07   5.9e+07      39      39
  1-7     0.00   0.00   3.799e-03   2.239e+05   2.239e+05   5.9e+07   5.9e+07      39      39
  8-19    0.00   0.00   1.844e-02   9.417e+05   9.417e+05   5.1e+07   5.1e+07      64      39
  4-19    0.00   0.00   1.844e-02   9.417e+05   9.417e+05   5.1e+07   5.1e+07      64      39
  7-16    0.00   0.00   1.844e-02   9.417e+05   9.417e+05   5.1e+07   5.1e+07      39      65
  7-20    0.00   0.00   1.844e-02   9.417e+05   9.417e+05   5.1e+07   5.1e+07      39      65
  2-13    0.00   0.00   1.844e-02   9.417e+05   9.417e+05   5.1e+07   5.1e+07      62      39
 10-13    0.00   0.00   1.844e-02   9.417e+05   9.417e+05   5.1e+07   5.1e+07      62      39
  1-14    0.00   0.00   1.844e-02   9.417e+05   9.417e+05   5.1e+07   5.1e+07      39      63
  1-22    0.00   0.00   1.844e-02   9.417e+05   9.417e+05   5.1e+07   5.1e+07      39      63
  6-16    0.00   0.00   6.088e-02   3.046e+06   3.046e+06   5.0e+07   5.0e+07      62      65
  6-20    0.00   0.00   6.088e-02   3.046e+06   3.046e+06   5.0e+07   5.0e+07      62      65
  8-18    0.00   0.00   6.088e-02   3.046e+06   3.046e+06   5.0e+07   5.0e+07      64      62
  2-12    0.00   0.00   6.088e-02   3.046e+06   3.046e+06   5.0e+07   5.0e+07      62      62
  4-18    0.00   0.00   6.088e-02   3.046e+06   3.046e+06   5.0e+07   5.0e+07      64      62
 10-12    0.00   0.00   6.088e-02   3.046e+06   3.046e+06   5.0e+07   5.0e+07      62      62
  0-14    0.00   0.00   6.088e-02   3.046e+06   3.046e+06   5.0e+07   5.0e+07      62      63
  0-22    0.00   0.00   6.088e-02   3.046e+06   3.046e+06   5.0e+07   5.0e+07      62      63
  4-16    0.00   0.00   8.397e-02   4.049e+06   4.049e+06   4.8e+07   4.8e+07      64      65
  8-20    0.00   0.00   8.397e-02   4.049e+06   4.049e+06   4.8e+07   4.8e+07      64      65
  2-14    0.00   0.00   8.397e-02   4.049e+06   4.049e+06   4.8e+07   4.8e+07      62      63
 10-22    0.00   0.00   8.397e-02   4.049e+06   4.049e+06   4.8e+07   4.8e+07      62      63
  3-16    0.00   0.00   1.827e-02   7.997e+05   7.997e+05   4.4e+07   4.4e+07      25      65
  8-23    0.00   0.00   1.827e-02   7.997e+05   7.997e+05   4.4e+07   4.4e+07      64      25
  5-14    0.00   0.00   1.827e-02   7.997e+05   7.997e+05   4.4e+07   4.4e+07      25      63
 11-20    0.00   0.00   1.827e-02   7.997e+05   7.997e+05   4.4e+07   4.4e+07      25      65
  4-15    0.00   0.00   1.827e-02   7.997e+05   7.997e+05   4.4e+07   4.4e+07      64      25
  9-22    0.00   0.00   1.827e-02   7.997e+05   7.997e+05   4.4e+07   4.4e+07      25      63
  2-17    0.00   0.00   1.827e-02   7.997e+05   7.997e+05   4.4e+07   4.4e+07      62      25
 10-21    0.00   0.00   1.827e-02   7.997e+05   7.997e+05   4.4e+07   4.4e+07      62      25
 15-21    0.00   0.00   3.781e-03   1.638e+05   1.638e+05   4.3e+07   4.3e+07      25      25
 17-23    0.00   0.00   3.781e-03   1.638e+05   1.638e+05   4.3e+07   4.3e+07      25      25
  5-11    0.00   0.00   3.781e-03   1.638e+05   1.638e+05   4.3e+07   4.3e+07      25      25
  3-9     0.00   0.00   3.781e-03   1.638e+05   1.638e+05   4.3e+07   4.3e+07      25      25
  6-21    0.00   0.00   1.838e-02   6.124e+05   6.124e+05   3.3e+07   3.3e+07      62      25
  6-17    0.00   0.00   1.838e-02   6.124e+05   6.124e+05   3.3e+07   3.3e+07      62      25
 11-12    0.00   0.00   1.838e-02   6.124e+05   6.124e+05   3.3e+07   3.3e+07      25      62
  3-12    0.00   0.00   1.838e-02   6.124e+05   6.124e+05   3.3e+07   3.3e+07      25      62
  9-18    0.00   0.00   1.838e-02   6.124e+05   6.124e+05   3.3e+07   3.3e+07      25      62
  5-18    0.00   0.00   1.838e-02   6.124e+05   6.124e+05   3.3e+07   3.3e+07      25      62
  0-23    0.00   0.00   1.838e-02   6.124e+05   6.124e+05   3.3e+07   3.3e+07      62      25
  0-15    0.00   0.00   1.838e-02   6.124e+05   6.124e+05   3.3e+07   3.3e+07      62      25
 16-23    0.00   0.00   2.745e-02   7.997e+05   7.997e+05   2.9e+07   2.9e+07      65      25
 15-20    0.00   0.00   2.745e-02   7.997e+05   7.997e+05   2.9e+07   2.9e+07      25      65
 14-21    0.00   0.00   2.745e-02   7.997e+05   7.997e+05   2.9e+07   2.9e+07      63      25
  3-8     0.00   0.00   2.745e-02   7.997e+05   7.997e+05   2.9e+07   2.9e+07      25      64
  4-11    0.00   0.00   2.745e-02   7.997e+05   7.997e+05   2.9e+07   2.9e+07      64      25
  2-9     0.00   0.00   2.745e-02   7.997e+05   7.997e+05   2.9e+07   2.9e+07      62      25
 17-22    0.00   0.00   2.745e-02   7.997e+05   7.997e+05   2.9e+07   2.9e+07      25      63
  5-10    0.00   0.00   2.745e-02   7.997e+05   7.997e+05   2.9e+07   2.9e+07      25      62
  6-18    0.00   0.00   8.370e-02   2.312e+06   2.312e+06   2.8e+07   2.8e+07      62      62
  0-12    0.00   0.00   8.370e-02   2.312e+06   2.312e+06   2.8e+07   2.8e+07      62      62
  9-19    0.00   0.00   7.284e-03   1.913e+05   1.913e+05   2.6e+07   2.6e+07      25      39
  5-19    0.00   0.00   7.284e-03   1.913e+05   1.913e+05   2.6e+07   2.6e+07      25      39
 11-13    0.00   0.00   7.284e-03   1.913e+05   1.913e+05   2.6e+07   2.6e+07      25      39
  7-21    0.00   0.00   7.284e-03   1.913e+05   1.913e+05   2.6e+07   2.6e+07      39      25
  7-17    0.00   0.00   7.284e-03   1.913e+05   1.913e+05   2.6e+07   2.6e+07      39      25
  3-13    0.00   0.00   7.284e-03   1.913e+05   1.913e+05   2.6e+07   2.6e+07      25      39
  1-23    0.00   0.00   7.284e-03   1.913e+05   1.913e+05   2.6e+07   2.6e+07      39      25
  1-15    0.00   0.00   7.284e-03   1.913e+05   1.913e+05   2.6e+07   2.6e+07      39      25
  5-16    0.00   0.00   3.058e-02   7.997e+05   7.997e+05   2.6e+07   2.6e+07      25      65
  9-20    0.00   0.00   3.058e-02   7.997e+05   7.997e+05   2.6e+07   2.6e+07      25      65
  8-21    0.00   0.00   3.058e-02   7.997e+05   7.997e+05   2.6e+07   2.6e+07      64      25
  3-14    0.00   0.00   3.058e-02   7.997e+05   7.997e+05   2.6e+07   2.6e+07      25      63
  4-17    0.00   0.00   3.058e-02   7.997e+05   7.997e+05   2.6e+07   2.6e+07      64      25
  2-15    0.00   0.00   3.058e-02   7.997e+05   7.997e+05   2.6e+07   2.6e+07      62      25
 10-23    0.00   0.00   3.058e-02   7.997e+05   7.997e+05   2.6e+07   2.6e+07      62      25
 11-22    0.00   0.00   3.058e-02   7.997e+05   7.997e+05   2.6e+07   2.6e+07      25      63
 12-19    0.00   0.00   2.774e-02   7.183e+05   7.183e+05   2.6e+07   2.6e+07      62      39
 13-18    0.00   0.00   2.774e-02   7.183e+05   7.183e+05   2.6e+07   2.6e+07      39      62
  1-6     0.00   0.00   2.774e-02   7.183e+05   7.183e+05   2.6e+07   2.6e+07      39      62
  0-7     0.00   0.00   2.774e-02   7.183e+05   7.183e+05   2.6e+07   2.6e+07      62      39
  6-19    0.00   0.00   3.071e-02   7.183e+05   7.183e+05   2.3e+07   2.3e+07      62      39
  7-18    0.00   0.00   3.071e-02   7.183e+05   7.183e+05   2.3e+07   2.3e+07      39      62
  1-12    0.00   0.00   3.071e-02   7.183e+05   7.183e+05   2.3e+07   2.3e+07      39      62
  0-13    0.00   0.00   3.071e-02   7.183e+05   7.183e+05   2.3e+07   2.3e+07      62      39
  9-23    0.00   0.00   7.103e-03   1.638e+05   1.638e+05   2.3e+07   2.3e+07      25      25
  5-15    0.00   0.00   7.103e-03   1.638e+05   1.638e+05   2.3e+07   2.3e+07      25      25
 11-21    0.00   0.00   7.103e-03   1.638e+05   1.638e+05   2.3e+07   2.3e+07      25      25
  3-17    0.00   0.00   7.103e-03   1.638e+05   1.638e+05   2.3e+07   2.3e+07      25      25
 19-23    0.00   0.00   8.303e-03   1.913e+05   1.913e+05   2.3e+07   2.3e+07      39      25
 15-19    0.00   0.00   8.303e-03   1.913e+05   1.913e+05   2.3e+07   2.3e+07      25      39
 13-21    0.00   0.00   8.303e-03   1.913e+05   1.913e+05   2.3e+07   2.3e+07      39      25
 13-17    0.00   0.00   8.303e-03   1.913e+05   1.913e+05   2.3e+07   2.3e+07      39      25
  7-11    0.00   0.00   8.303e-03   1.913e+05   1.913e+05   2.3e+07   2.3e+07      39      25
  3-7     0.00   0.00   8.303e-03   1.913e+05   1.913e+05   2.3e+07   2.3e+07      25      39
  1-9     0.00   0.00   8.303e-03   1.913e+05   1.913e+05   2.3e+07   2.3e+07      39      25
  1-5     0.00   0.00   8.303e-03   1.913e+05   1.913e+05   2.3e+07   2.3e+07      39      25
 15-23    0.00   0.00   8.295e-03   1.638e+05   1.638e+05   2.0e+07   2.0e+07      25      25
 17-21    0.00   0.00   8.295e-03   1.638e+05   1.638e+05   2.0e+07   2.0e+07      25      25
  5-9     0.00   0.00   8.295e-03   1.638e+05   1.638e+05   2.0e+07   2.0e+07      25      25
  3-11    0.00   0.00   8.295e-03   1.638e+05   1.638e+05   2.0e+07   2.0e+07      25      25
 14-19    0.00   0.00   4.855e-02   9.417e+05   9.417e+05   1.9e+07   1.9e+07      63      39
 13-16    0.00   0.00   4.855e-02   9.417e+05   9.417e+05   1.9e+07   1.9e+07      39      65
 19-22    0.00   0.00   4.855e-02   9.417e+05   9.417e+05   1.9e+07   1.9e+07      39      63
 13-20    0.00   0.00   4.855e-02   9.417e+05   9.417e+05   1.9e+07   1.9e+07      39      65
  2-7     0.00   0.00   4.855e-02   9.417e+05   9.417e+05   1.9e+07   1.9e+07      62      39
  7-10    0.00   0.00   4.855e-02   9.417e+05   9.417e+05   1.9e+07   1.9e+07      39      62
  1-8     0.00   0.00   4.855e-02   9.417e+05   9.417e+05   1.9e+07   1.9e+07      39      64
  1-4     0.00   0.00   4.855e-02   9.417e+05   9.417e+05   1.9e+07   1.9e+07      39      64
 14-20    0.00   0.00   2.300e-01   4.049e+06   4.049e+06   1.8e+07   1.8e+07      63      65
 16-22    0.00   0.00   2.300e-01   4.049e+06   4.049e+06   1.8e+07   1.8e+07      65      63
  2-8     0.00   0.00   2.300e-01   4.049e+06   4.049e+06   1.8e+07   1.8e+07      62      64
  4-10    0.00   0.00   2.300e-01   4.049e+06   4.049e+06   1.8e+07   1.8e+07      64      62
 16-21    0.00   0.00   4.854e-02   7.997e+05   7.997e+05   1.6e+07   1.6e+07      65      25
 14-23    0.00   0.00   4.854e-02   7.997e+05   7.997e+05   1.6e+07   1.6e+07      63      25
 17-20    0.00   0.00   4.854e-02   7.997e+05   7.997e+05   1.6e+07   1.6e+07      25      65
  5-8     0.00   0.00   4.854e-02   7.997e+05   7.997e+05   1.6e+07   1.6e+07      25      64
  4-9     0.00   0.00   4.854e-02   7.997e+05   7.997e+05   1.6e+07   1.6e+07      64      25
 15-22    0.00   0.00   4.854e-02   7.997e+05   7.997e+05   1.6e+07   1.6e+07      25      63
  2-11    0.00   0.00   4.854e-02   7.997e+05   7.997e+05   1.6e+07   1.6e+07      62      25
  3-10    0.00   0.00   4.854e-02   7.997e+05   7.997e+05   1.6e+07   1.6e+07      25      62
  7-19    0.00   0.00   1.769e-02   2.239e+05   2.239e+05   1.3e+07   1.3e+07      39      39
  1-13    0.00   0.00   1.769e-02   2.239e+05   2.239e+05   1.3e+07   1.3e+07      39      39
  6-11    0.00   0.00   4.873e-02   6.124e+05   6.124e+05   1.3e+07   1.3e+07      62      25
  3-6     0.00   0.00   4.873e-02   6.124e+05   6.124e+05   1.3e+07   1.3e+07      25      62
 12-21    0.00   0.00   4.873e-02   6.124e+05   6.124e+05   1.3e+07   1.3e+07      62      25
 12-17    0.00   0.00   4.873e-02   6.124e+05   6.124e+05   1.3e+07   1.3e+07      62      25
 18-23    0.00   0.00   4.873e-02   6.124e+05   6.124e+05   1.3e+07   1.3e+07      62      25
 15-18    0.00   0.00   4.873e-02   6.124e+05   6.124e+05   1.3e+07   1.3e+07      25      62
  0-9     0.00   0.00   4.873e-02   6.124e+05   6.124e+05   1.3e+07   1.3e+07      62      25
  0-5     0.00   0.00   4.873e-02   6.124e+05   6.124e+05   1.3e+07   1.3e+07      62      25
 16-20    0.00   0.00   3.560e-01   4.049e+06   4.049e+06   1.1e+07   1.1e+07      65      65
  4-8     0.00   0.00   3.560e-01   4.049e+06   4.049e+06   1.1e+07   1.1e+07      64      64
 14-22    0.00   0.00   3.560e-01   4.049e+06   4.049e+06   1.1e+07   1.1e+07      63      63
  2-10    0.00   0.00   3.560e-01   4.049e+06   4.049e+06   1.1e+07   1.1e+07      62      62
 12-18    0.00   0.00   2.328e-01   2.312e+06   2.312e+06   9.9e+06   9.9e+06      62      62
  0-6     0.00   0.00   2.328e-01   2.312e+06   2.312e+06   9.9e+06   9.9e+06      62      62
  9-21    0.00   0.00   1.769e-02   1.638e+05   1.638e+05   9.3e+06   9.3e+06      25      25
  5-17    0.00   0.00   1.769e-02   1.638e+05   1.638e+05   9.3e+06   9.3e+06      25      25
 11-23    0.00   0.00   1.769e-02   1.638e+05   1.638e+05   9.3e+06   9.3e+06      25      25
  3-15    0.00   0.00   1.769e-02   1.638e+05   1.638e+05   9.3e+06   9.3e+06      25      25
 12-16    0.00   0.00   3.569e-01   3.046e+06   3.046e+06   8.5e+06   8.5e+06      62      65
 12-20    0.00   0.00   3.569e-01   3.046e+06   3.046e+06   8.5e+06   8.5e+06      62      65
  2-6     0.00   0.00   3.569e-01   3.046e+06   3.046e+06   8.5e+06   8.5e+06      62      62
 14-18    0.00   0.00   3.569e-01   3.046e+06   3.046e+06   8.5e+06   8.5e+06      63      62
  6-10    0.00   0.00   3.569e-01   3.046e+06   3.046e+06   8.5e+06   8.5e+06      62      62
 18-22    0.00   0.00   3.569e-01   3.046e+06   3.046e+06   8.5e+06   8.5e+06      62      63
  0-8     0.00   0.00   3.569e-01   3.046e+06   3.046e+06   8.5e+06   8.5e+06      62      64
  0-4     0.00   0.00   3.569e-01   3.046e+06   3.046e+06   8.5e+06   8.5e+06      62      64
 16-19    0.00   0.00   2.333e-01   9.417e+05   9.417e+05   4.0e+06   4.0e+06      65      39
 19-20    0.00   0.00   2.333e-01   9.417e+05   9.417e+05   4.0e+06   4.0e+06      39      65
 13-14    0.00   0.00   2.333e-01   9.417e+05   9.417e+05   4.0e+06   4.0e+06      39      63
  7-8     0.00   0.00   2.333e-01   9.417e+05   9.417e+05   4.0e+06   4.0e+06      39      64
  4-7     0.00   0.00   2.333e-01   9.417e+05   9.417e+05   4.0e+06   4.0e+06      64      39
 13-22    0.00   0.00   2.333e-01   9.417e+05   9.417e+05   4.0e+06   4.0e+06      39      63
  1-2     0.00   0.00   2.333e-01   9.417e+05   9.417e+05   4.0e+06   4.0e+06      39      62
  1-10    0.00   0.00   2.333e-01   9.417e+05   9.417e+05   4.0e+06   4.0e+06      39      62
 14-16    0.00   0.00   1.107e+00   4.049e+06   4.049e+06   3.7e+06   3.7e+06      63      65
 20-22    0.00   0.00   1.107e+00   4.049e+06   4.049e+06   3.7e+06   3.7e+06      65      63
  8-10    0.00   0.00   1.107e+00   4.049e+06   4.049e+06   3.7e+06   3.7e+06      64      62
  2-4     0.00   0.00   1.107e+00   4.049e+06   4.049e+06   3.7e+06   3.7e+06      62      64
 15-16    0.00   0.00   2.328e-01   7.997e+05   7.997e+05   3.4e+06   3.4e+06      25      65
 20-23    0.00   0.00   2.328e-01   7.997e+05   7.997e+05   3.4e+06   3.4e+06      65      25
 14-17    0.00   0.00   2.328e-01   7.997e+05   7.997e+05   3.4e+06   3.4e+06      63      25
  8-11    0.00   0.00   2.328e-01   7.997e+05   7.997e+05   3.4e+06   3.4e+06      64      25
  3-4     0.00   0.00   2.328e-01   7.997e+05   7.997e+05   3.4e+06   3.4e+06      25      64
 21-22    0.00   0.00   2.328e-01   7.997e+05   7.997e+05   3.4e+06   3.4e+06      25      63
  2-5     0.00   0.00   2.328e-01   7.997e+05   7.997e+05   3.4e+06   3.4e+06      62      25
  9-10    0.00   0.00   2.328e-01   7.997e+05   7.997e+05   3.4e+06   3.4e+06      25      62
  6-8     0.00   0.00   1.109e+00   3.046e+06   3.046e+06   2.7e+06   2.7e+06      62      64
 16-18    0.00   0.00   1.109e+00   3.046e+06   3.046e+06   2.7e+06   2.7e+06      65      62
 12-14    0.00   0.00   1.109e+00   3.046e+06   3.046e+06   2.7e+06   2.7e+06      62      63
  4-6     0.00   0.00   1.109e+00   3.046e+06   3.046e+06   2.7e+06   2.7e+06      64      62
 18-20    0.00   0.00   1.109e+00   3.046e+06   3.046e+06   2.7e+06   2.7e+06      62      65
 12-22    0.00   0.00   1.109e+00   3.046e+06   3.046e+06   2.7e+06   2.7e+06      62      63
  0-2     0.00   0.00   1.109e+00   3.046e+06   3.046e+06   2.7e+06   2.7e+06      62      62
  0-10    0.00   0.00   1.109e+00   3.046e+06   3.046e+06   2.7e+06   2.7e+06      62      62
  6-9     0.00   0.00   2.334e-01   6.124e+05   6.124e+05   2.6e+06   2.6e+06      62      25
  5-6     0.00   0.00   2.334e-01   6.124e+05   6.124e+05   2.6e+06   2.6e+06      25      62
 12-23    0.00   0.00   2.334e-01   6.124e+05   6.124e+05   2.6e+06   2.6e+06      62      25
 12-15    0.00   0.00   2.334e-01   6.124e+05   6.124e+05   2.6e+06   2.6e+06      62      25
 18-21    0.00   0.00   2.334e-01   6.124e+05   6.124e+05   2.6e+06   2.6e+06      62      25
 17-18    0.00   0.00   2.334e-01   6.124e+05   6.124e+05   2.6e+06   2.6e+06      25      62
  0-11    0.00   0.00   2.334e-01   6.124e+05   6.124e+05   2.6e+06   2.6e+06      62      25
  0-3     0.00   0.00   2.334e-01   6.124e+05   6.124e+05   2.6e+06   2.6e+06      62      25
 19-21    0.00   0.00   8.886e-02   1.913e+05   1.913e+05   2.2e+06   2.2e+06      39      25
 17-19    0.00   0.00   8.886e-02   1.913e+05   1.913e+05   2.2e+06   2.2e+06      25      39
 13-23    0.00   0.00   8.886e-02   1.913e+05   1.913e+05   2.2e+06   2.2e+06      39      25
 13-15    0.00   0.00   8.886e-02   1.913e+05   1.913e+05   2.2e+06   2.2e+06      39      25
  5-7     0.00   0.00   8.886e-02   1.913e+05   1.913e+05   2.2e+06   2.2e+06      25      39
  7-9     0.00   0.00   8.886e-02   1.913e+05   1.913e+05   2.2e+06   2.2e+06      39      25
  1-11    0.00   0.00   8.886e-02   1.913e+05   1.913e+05   2.2e+06   2.2e+06      39      25
  1-3     0.00   0.00   8.886e-02   1.913e+05   1.913e+05   2.2e+06   2.2e+06      39      25
 21-23    0.00   0.00   8.849e-02   1.638e+05   1.638e+05   1.9e+06   1.9e+06      25      25
 15-17    0.00   0.00   8.849e-02   1.638e+05   1.638e+05   1.9e+06   1.9e+06      25      25
  9-11    0.00   0.00   8.849e-02   1.638e+05   1.638e+05   1.9e+06   1.9e+06      25      25
  3-5     0.00   0.00   8.849e-02   1.638e+05   1.638e+05   1.9e+06   1.9e+06      25      25
 16-17    0.00   0.00   6.667e-01   7.997e+05   7.997e+05   1.2e+06   1.2e+06      65      25
 20-21    0.00   0.00   6.667e-01   7.997e+05   7.997e+05   1.2e+06   1.2e+06      65      25
  8-9     0.00   0.00   6.667e-01   7.997e+05   7.997e+05   1.2e+06   1.2e+06      64      25
 14-15    0.00   0.00   6.667e-01   7.997e+05   7.997e+05   1.2e+06   1.2e+06      63      25
  4-5     0.00   0.00   6.667e-01   7.997e+05   7.997e+05   1.2e+06   1.2e+06      64      25
 22-23    0.00   0.00   6.667e-01   7.997e+05   7.997e+05   1.2e+06   1.2e+06      63      25
  2-3     0.00   0.00   6.667e-01   7.997e+05   7.997e+05   1.2e+06   1.2e+06      62      25
 10-11    0.00   0.00   6.667e-01   7.997e+05   7.997e+05   1.2e+06   1.2e+06      62      25
 18-19    0.00   0.00   6.680e-01   7.183e+05   7.183e+05   1.1e+06   1.1e+06      62      39
  6-7     0.00   0.00   6.680e-01   7.183e+05   7.183e+05   1.1e+06   1.1e+06      62      39
 12-13    0.00   0.00   6.680e-01   7.183e+05   7.183e+05   1.1e+06   1.1e+06      62      39
  0-1     0.00   0.00   6.680e-01   7.183e+05   7.183e+05   1.1e+06   1.1e+06      62      39
    sum(exact) = 38.3510   sum(ball bound) = 3.492e+08   sum(box bound) = 3.492e+08 kcal/mol
    ball/exact = 9.10e+06   box/exact = 9.10e+06   box is 1.0e+00x tighter
    pairs whose *root* box bound is already <= 1e-8 Ha: 0/276
    tau=1e-12 Ha: accepted   37581  visited  542024  leafpairs  504719/588908  work_frac=85.704%  pointpairs kept    168621610/   184464356  flop_frac=91.411%  cert=1.101e-08 Ha  |dE|=1.859e-09 Ha    25.9 s  vs 原子块 5.0 s
    tau=1e-10 Ha: accepted   73258  visited  488566  leafpairs  415584/588908  work_frac=70.569%  pointpairs kept    142250671/   184464356  flop_frac=77.116%  cert=2.707e-06 Ha  |dE|=6.248e-07 Ha    23.7 s  vs 原子块 5.0 s
    tau=1e-08 Ha: accepted  118250  visited  369213  leafpairs  251239/588908  work_frac=42.662%  pointpairs kept     95217904/   184464356  flop_frac=51.619%  cert=4.443e-04 Ha  |dE|=6.133e-05 Ha    17.9 s  vs 原子块 5.0 s
    tau=1e-06 Ha: accepted  122808  visited  206595  leafpairs   84063/588908  work_frac=14.274%  pointpairs kept     46900314/   184464356  flop_frac=25.425%  cert=4.262e-02 Ha  |dE|=2.923e-03 Ha     8.4 s  vs 原子块 5.0 s
    tau=0.0001 Ha: accepted   65035  visited   71802  leafpairs    7043/588908  work_frac= 1.196%  pointpairs kept     19832066/   184464356  flop_frac=10.751%  cert=1.802e+00 Ha  |dE|=4.689e-02 Ha     2.4 s  vs 原子块 5.0 s
