=== coretail_bound  水二聚体 6-31g*  xc=wb97x_v  level=1  scheme=becke
    SCF E=-152.7637467192 Ha；耗时 NOT_MEASURED（本机多代理并发，不作计时结论）
    网格点 19936，保留 17227，活原子 [0, 1, 2, 3, 4, 5]
    节点总数 1388（叶 697，内部 691），最大深度 23

[0] fastpair 基准：E_pair=-1.245088e-02 Ha  E_nl=8.448830e-02 Ha  叶 697  叶对 197,686
    τ=1e-12 旧界实测：accepted=19,157 visited=157,184 leafpairs=138,042/197,686 cert=5.2481e-09 Ha |dE|=6.738e-10 Ha  省下点对占比=12.349%

[Q1] 可加性/不重不漏（节点表 1388 个节点 × 5 种 r_core 取法）
     rule     节点数   max|mt+T-m|      max 相对  ncore+ntail!=npts       子盒越界    T=0 节点      空核节点
     none    1388     8.882e-16   5.736e-16                  0          0      1388         0
     mass    1388     8.882e-16   5.736e-16                  0          0       508         0
    sigma    1388     8.882e-16   5.302e-16                  0          0         7         0
 halfdiag    1388     8.882e-16   5.736e-16                  0          0       372         0
 leafonly    1388     8.882e-16   5.736e-16                  0          0       936         0
    ⇒ 断言通过：核与尾是**精确的索引集划分**（质量只对到浮点末位）；核盒/尾盒 ⊆ 父盒 ⇒ 切分没动『叶子的盒仍包含其全部点』这一前提。
    规则 mass：max(T/m) = 9.997e-03（门限 1e-02），超门槛节点 = 0
    质量积分解恒等式 m·m = m̃m̃ + m̃T + Tm̃ + TT 最大相对偏差 = 7.204e-16

[Q1] 界成立性（真实场）：节点对 228 组（含全部 15 个原子根对，随机对限制 npts 积 ≤ 3e+06）/ 随机点集 200 组
     rule  variant     组数    违反    最坏 actual/bound    最坏 bound/actual   中位 bound/actual
     none      old    428     0          0.000e+00          1.118e+08        9.226e+04
     mass       V1    428     0          0.000e+00          2.176e+06        8.312e+03
     mass       V2    428     0          0.000e+00          2.176e+06        1.706e+03
     mass       V3    428     0          0.000e+00          2.211e+04        1.988e+02
     mass       V4    428     0          0.000e+00          1.812e+04        1.721e+02
    sigma       V1    428     0          0.000e+00          3.433e+07        2.072e+05
    sigma       V2    428     0          0.000e+00          3.187e+07        2.334e+04
    sigma       V3    428     0          0.000e+00          2.481e+06        2.464e+03
    sigma       V4    428     0          0.000e+00          2.480e+06        1.641e+03
 halfdiag       V1    428     0          0.000e+00          1.118e+08        2.913e+04
 halfdiag       V2    428     0          0.000e+00          1.118e+08        1.643e+04
 halfdiag       V3    428     0          0.000e+00          1.118e+08        1.643e+04
 halfdiag       V4    428     0          0.000e+00          1.118e+08        1.296e+04
 leafonly       V1    428     0          0.000e+00          1.118e+08        3.162e+04
 leafonly       V2    428     0          0.000e+00          1.118e+08        2.668e+04
 leafonly       V3    428     0          0.000e+00          1.118e+08        2.668e+04
 leafonly       V4    428     0          0.000e+00          1.118e+08        1.472e+04
     mass    V1BAD    428     0          0.000e+00          1.474e+04        1.209e+02   <-- 负对照，故意让它破
 halfdiag    V1BAD    428     0          0.000e+00          1.118e+08        2.468e+04   <-- 负对照，故意让它破

[Q1 结论] 除负对照外全部 (rule,variant) 组合共 0 次违反（要求 0）。负对照 V1BAD（含尾项误用核内 κ̃）违反 0 次 ⇒ 尾项的 sup|Φ| 只能用全块 κ^min。
[Q1 补充] 合成场（rho>0、权重>0、sigma>=0；3400 次判据评估）：违反 0 次，最坏 bound/actual = 1.160e+11

[Q3] r_core 取法画像
     rule   mean T/m    max T/m   mean κ̃/κ   min κ̃/κ  mean w̃0/w0      切分节点数
     none  0.000e+00  0.000e+00   1.000e+00  1.000e+00    1.000e+00          0
     mass  4.185e-03  9.997e-03   4.107e+00  1.000e+00    1.050e+00        880
    sigma  1.471e-01  3.713e-01   6.395e+00  1.000e+00    1.305e+00       1381
 halfdiag  9.892e-03  3.455e-01   1.447e+00  1.000e+00    1.052e+00       1016
 leafonly  6.251e-03  3.455e-01   1.166e+00  1.000e+00    1.024e+00        452
    树根（整原子块）的 κ^min vs 核内 κ̃^min、w0^min vs w̃0^min：
      atom 0:  [mass] κ̃=7.184 w̃0=2.81e-01 T/m=9.87e-03  [sigma] κ̃=11.922 w̃0=1.05e+00 T/m=1.55e-01  [halfdiag] κ̃=0.169 w̃0=2.81e-01 T/m=0.00e+00  [leafonly] κ̃=0.169 w̃0=2.81e-01 T/m=0.00e+00   (全块 κ=0.169 w0=2.81e-01)
      atom 1:  [mass] κ̃=4.160 w̃0=4.46e-01 T/m=9.57e-03  [sigma] κ̃=7.485 w̃0=6.47e-01 T/m=1.42e-01  [halfdiag] κ̃=0.179 w̃0=2.99e-01 T/m=0.00e+00  [leafonly] κ̃=0.179 w̃0=2.99e-01 T/m=0.00e+00   (全块 κ=0.179 w0=2.99e-01)
      atom 2:  [mass] κ̃=4.136 w̃0=4.50e-01 T/m=9.95e-03  [sigma] κ̃=7.471 w̃0=6.47e-01 T/m=1.42e-01  [halfdiag] κ̃=0.193 w̃0=2.99e-01 T/m=0.00e+00  [leafonly] κ̃=0.193 w̃0=2.99e-01 T/m=0.00e+00   (全块 κ=0.193 w0=2.99e-01)
      atom 3:  [mass] κ̃=6.175 w̃0=5.69e-01 T/m=9.94e-03  [sigma] κ̃=10.697 w̃0=9.68e-01 T/m=1.44e-01  [halfdiag] κ̃=0.163 w̃0=2.69e-01 T/m=0.00e+00  [leafonly] κ̃=0.163 w̃0=2.69e-01 T/m=0.00e+00   (全块 κ=0.163 w0=2.69e-01)
      atom 4:  [mass] κ̃=3.926 w̃0=2.75e-01 T/m=9.71e-03  [sigma] κ̃=6.860 w̃0=2.75e-01 T/m=1.53e-01  [halfdiag] κ̃=0.169 w̃0=2.75e-01 T/m=0.00e+00  [leafonly] κ̃=0.169 w̃0=2.75e-01 T/m=0.00e+00   (全块 κ=0.169 w0=2.75e-01)
      atom 5:  [mass] κ̃=4.280 w̃0=5.72e-01 T/m=9.32e-03  [sigma] κ̃=7.390 w̃0=6.07e-01 T/m=1.43e-01  [halfdiag] κ̃=0.182 w̃0=3.13e-01 T/m=0.00e+00  [leafonly] κ̃=0.182 w̃0=3.13e-01 T/m=0.00e+00   (全块 κ=0.182 w0=3.13e-01)

[Q2a] 原子根对普查（15 对，×2 口径，单位 Ha）
  pair   D_盒(Å)    2|exact|       none/old       mass/V1       mass/V2       mass/V3       mass/V4      sigma/V1      sigma/V2      sigma/V3      sigma/V4   halfdiag/V1   halfdiag/V2   halfdiag/V3   halfdiag/V4   leafonly/V1   leafonly/V2   leafonly/V3   leafonly/V4
  0-1     0.000   1.079e-03      1.390e+03     2.693e+01     2.693e+01     2.357e-01     2.357e-01     3.825e+02     3.825e+02     3.091e+01     3.091e+01     1.390e+03     1.390e+03     1.390e+03     1.390e+03     1.390e+03     1.390e+03     1.390e+03     1.390e+03
  0-2     0.000   1.076e-03      1.241e+03     2.451e+01     2.451e+01     2.263e-01     2.263e-01     3.408e+02     3.408e+02     2.752e+01     2.752e+01     1.241e+03     1.241e+03     1.241e+03     1.241e+03     1.241e+03     1.241e+03     1.241e+03     1.241e+03
  0-3     0.000   1.638e-04      8.397e+03     1.656e+02     1.656e+02     1.152e+00     1.141e+00     2.323e+03     2.323e+03     1.883e+02     1.883e+02     8.397e+03     8.397e+03     8.397e+03     8.397e+03     8.397e+03     8.397e+03     8.397e+03     8.397e+03
  0-4     0.000   4.146e-04      1.653e+03     3.226e+01     3.226e+01     2.832e-01     2.832e-01     4.696e+02     4.696e+02     3.948e+01     3.948e+01     1.653e+03     1.653e+03     1.653e+03     1.653e+03     1.653e+03     1.653e+03     1.653e+03     1.653e+03
  0-5     0.000   5.296e-05      1.394e+03     2.667e+01     2.667e+01     2.303e-01     2.258e-01     3.847e+02     3.847e+02     3.121e+01     3.121e+01     1.394e+03     1.394e+03     1.394e+03     1.394e+03     1.394e+03     1.394e+03     1.394e+03     1.394e+03
  1-2     0.000   2.635e-04      2.213e+02     4.319e+00     4.319e+00     5.705e-02     5.705e-02     5.840e+01     5.840e+01     4.532e+00     4.532e+00     2.213e+02     2.213e+02     2.213e+02     2.213e+02     2.213e+02     2.213e+02     2.213e+02     2.213e+02
  1-3     0.000   2.493e-05      1.494e+03     2.906e+01     2.906e+01     2.675e-01     2.514e-01     3.973e+02     3.973e+02     3.092e+01     3.091e+01     1.494e+03     1.494e+03     1.494e+03     1.494e+03     1.494e+03     1.494e+03     1.494e+03     1.494e+03
  1-4     0.000   6.668e-05      2.944e+02     5.671e+00     5.671e+00     7.037e-02     7.037e-02     8.046e+01     8.046e+01     6.487e+00     6.486e+00     2.944e+02     2.944e+02     2.944e+02     2.944e+02     2.944e+02     2.944e+02     2.944e+02     2.944e+02
  1-5     0.000   1.151e-05      2.485e+02     4.691e+00     4.691e+00     5.751e-02     5.124e-02     6.588e+01     6.588e+01     5.135e+00     5.133e+00     2.485e+02     2.485e+02     2.485e+02     2.485e+02     2.485e+02     2.485e+02     2.485e+02     2.485e+02
  2-3     0.000   2.648e-05      1.333e+03     2.643e+01     2.643e+01     2.571e-01     2.408e-01     3.538e+02     3.538e+02     2.751e+01     2.751e+01     1.333e+03     1.333e+03     1.333e+03     1.333e+03     1.333e+03     1.333e+03     1.333e+03     1.333e+03
  2-4     0.000   6.631e-05      2.627e+02     5.163e+00     5.163e+00     6.822e-02     6.822e-02     7.170e+01     7.170e+01     5.776e+00     5.775e+00     2.627e+02     2.627e+02     2.627e+02     2.627e+02     2.627e+02     2.627e+02     2.627e+02     2.627e+02
  2-5     0.000   7.191e-06      2.220e+02     4.278e+00     4.278e+00     5.581e-02     4.947e-02     5.878e+01     5.878e+01     4.579e+00     4.577e+00     2.220e+02     2.220e+02     2.220e+02     2.220e+02     2.220e+02     2.220e+02     2.220e+02     2.220e+02
  3-4     0.000   1.153e-03      1.778e+03     3.483e+01     3.483e+01     3.213e-01     3.213e-01     4.887e+02     4.887e+02     3.952e+01     3.952e+01     1.778e+03     1.778e+03     1.778e+03     1.778e+03     1.778e+03     1.778e+03     1.778e+03     1.778e+03
  3-5     0.000   1.119e-03      1.498e+03     2.877e+01     2.877e+01     2.614e-01     2.614e-01     3.996e+02     3.996e+02     3.122e+01     3.122e+01     1.498e+03     1.498e+03     1.498e+03     1.498e+03     1.498e+03     1.498e+03     1.498e+03     1.498e+03
  4-5     0.000   2.877e-04      2.952e+02     5.614e+00     5.614e+00     6.882e-02     6.882e-02     8.092e+01     8.092e+01     6.551e+00     6.551e+00     2.952e+02     2.952e+02     2.952e+02     2.952e+02     2.952e+02     2.952e+02     2.952e+02     2.952e+02
    根对界总和(Ha) / 相对旧界 / 界 ≤ 门限 的对数：
    rule/variant          sum    old/new     <=1e-12     <=1e-13   worst b/e
        none/old    2.172e+04  1.000e+00           0           0   5.995e+07
         mass/V1    4.248e+02  5.114e+01           0           0   1.166e+06
         mass/V2    4.248e+02  5.114e+01           0           0   1.166e+06
         mass/V3    3.613e+00  6.013e+03           0           0   1.073e+04
         mass/V4    3.552e+00  6.116e+03           0           0   1.008e+04
        sigma/V1    5.956e+03  3.647e+00           0           0   1.594e+07
        sigma/V2    5.956e+03  3.647e+00           0           0   1.594e+07
        sigma/V3    4.797e+02  4.529e+01           0           0   1.240e+06
        sigma/V4    4.796e+02  4.529e+01           0           0   1.240e+06
     halfdiag/V1    2.172e+04  1.000e+00           0           0   5.995e+07
     halfdiag/V2    2.172e+04  1.000e+00           0           0   5.995e+07
     halfdiag/V3    2.172e+04  1.000e+00           0           0   5.995e+07
     halfdiag/V4    2.172e+04  1.000e+00           0           0   5.995e+07
     leafonly/V1    2.172e+04  1.000e+00           0           0   5.995e+07
     leafonly/V2    2.172e+04  1.000e+00           0           0   5.995e+07
     leafonly/V3    2.172e+04  1.000e+00           0           0   5.995e+07
     leafonly/V4    2.172e+04  1.000e+00           0           0   5.995e+07

[Q2b] 叶对普查（197,686 个 叶×叶 对，×2 口径）
    rule/variant   sum(bnd) Ha    old/new     #<=1e-12    #<=1e-13
        none/old     4.507e-02  1.000e+00       59,644      49,874
         mass/V1     3.223e-02  1.399e+00       44,649      34,232
         mass/V2     3.078e-02  1.464e+00       60,792      50,761
         mass/V3     3.068e-02  1.469e+00       60,820      50,776
         mass/V4     2.984e-02  1.510e+00       62,279      52,095
        sigma/V1     8.048e-02  5.600e-01       29,916      24,442
        sigma/V2     2.737e-02  1.647e+00       61,372      51,180
        sigma/V3     2.343e-02  1.923e+00       62,049      51,697
        sigma/V4     2.115e-02  2.131e+00       64,883      54,594
     halfdiag/V1     3.550e-02  1.270e+00       46,310      36,873
     halfdiag/V2     3.168e-02  1.423e+00       60,285      50,438
     halfdiag/V3     3.158e-02  1.427e+00       60,291      50,441
     halfdiag/V4     3.076e-02  1.466e+00       61,086      51,120
     leafonly/V1     3.550e-02  1.270e+00       46,310      36,873
     leafonly/V2     3.168e-02  1.423e+00       60,285      50,438
     leafonly/V3     3.158e-02  1.427e+00       60,291      50,441
     leafonly/V4     3.076e-02  1.466e+00       61,086      51,120
    叶对总数 197,686 ⇒ 旧界能整块跳掉的叶对占比 30.171%（τ=1e-12）

[Q2c] 界/实际 最坏比值（叶对抽样 390 对）
             mass/V4 最坏 bound/|actual| =  3.346e+04
            sigma/V4 最坏 bound/|actual| =  9.509e+04
             mass/V3 最坏 bound/|actual| =  4.624e+05
            sigma/V3 最坏 bound/|actual| =  5.031e+05
             mass/V2 最坏 bound/|actual| =  6.131e+05
         halfdiag/V4 最坏 bound/|actual| =  1.175e+06
         leafonly/V4 最坏 bound/|actual| =  1.175e+06
         halfdiag/V3 最坏 bound/|actual| =  1.763e+06
         leafonly/V3 最坏 bound/|actual| =  1.763e+06
         halfdiag/V2 最坏 bound/|actual| =  1.844e+06
         leafonly/V2 最坏 bound/|actual| =  1.844e+06
            sigma/V2 最坏 bound/|actual| =  2.056e+06
            none/old 最坏 bound/|actual| =  1.181e+07
             mass/V1 最坏 bound/|actual| =  2.810e+07
         halfdiag/V1 最坏 bound/|actual| =  1.484e+09
         leafonly/V1 最坏 bound/|actual| =  1.484e+09
            sigma/V1 最坏 bound/|actual| =  1.649e+09

[Q2d] MAC 模拟（前沿式，展开规则与 _mac 一致；可跳占比 = dropped/(far+self)）
    far=120,415,263  self=55,939,003  denom=176,354,266
    归档口径核对：τ=1e-12 旧界 accepted=19,157 cert=5.2481e-09 evaluated点对=98,636,494 省下=12.349%

  τ=1e-13 Ha   accepted       dropped点对      可跳占比    cert(Ha)      叶对评估      闭合
            none/old     26,727      30,877,990   17.509%   8.017e-10   310,527    MISS
Traceback (most recent call last):
  File "<REPO>/nlcsplit/examples/coretail_bound.py", line 807, in <module>
    
  File "<REPO>/nlcsplit/examples/coretail_bound.py", line 785, in main
    rule_profile(tbl, live)
  File "<REPO>/nlcsplit/examples/coretail_bound.py", line 655, in mac_census
    f"{frac:>10.3%}{rs['cert']:>12.3e}{rs['leafpairs']:>10,d}{closed:>8}")
AssertionError: 接受集没有划分 P×Q，我的 MAC 复刻有 bug
EXIT=0
