=== coretail_bound  水二聚体 6-31g*  xc=wb97x_v  level=1  scheme=becke
    SCF E=-152.7637467192 Ha；耗时 NOT_MEASURED（本机多代理并发，不作计时结论）
    网格点 19936，保留 17227，活原子 [0, 1, 2, 3, 4, 5]
    节点总数 1388（叶 697，内部 691），最大深度 23

[0] fastpair 基准：E_pair=-1.245088e-02 Ha  E_nl=8.448830e-02 Ha  叶 697  叶对 197,686
    τ=1e-12 旧界实测：accepted=19,157 visited=157,184 leafpairs=138,042/197,686 cert=5.2481e-09 Ha |dE|=6.738e-10 Ha  省下点对占比=12.349%

[Q1] 可加性/不重不漏（节点表 1388 个节点 × 5 种 r_core 取法）
     rule     节点数   max|mt+T-m|      max 相对     重排 ulp 底  ncore+ntail!=npts       子盒越界    T=0 节点      空核节点
     none    1388     8.882e-16   5.680e-16    5.680e-16                  0          0      1388         0
     mass    1388     8.882e-16   4.913e-16    5.680e-16                  0          0       508         0
    sigma    1388     8.882e-16   4.343e-16    5.680e-16                  0          0         7         0
 halfdiag    1388     4.441e-16   4.827e-16    5.680e-16                  0          0       372         0
 leafonly    1388     8.882e-16   5.680e-16    5.680e-16                  0          0       936         0
    ⇒ 断言通过：核与尾是**精确的索引集划分**（质量只对到浮点末位，末位量级见『重排 ulp 底』一栏）；核盒/尾盒 ⊆ 父盒 ⇒ 切分没动『叶子的盒仍包含其全部点』这一前提。
    叶子覆盖核对：6 个原子块共 17,227 点，每点在恰好一个叶子里、且在其叶子的核或尾里恰好一次（全部断言通过）。
    规则 mass：max(T/m) = 9.997e-03（门限 1e-02），超门槛节点 = 0
    恒等式 m·m = m̃m̃ + m̃T + Tm̃ + TT：最大相对偏差 自算质量 6.465e-16 / fastpair 存量 5.686e-16（差在浮点末位，不是划分错）

[Q1] 界成立性（真实场）：节点对 228 组（含全部 15 个原子根对，随机对限制 npts 积 ≤ 3e+06）/ 随机点集 200 组
     rule  variant     组数    违反    最坏 actual/bound    最坏 bound/actual   中位 bound/actual
     none      old    428     0          0.000e+00          1.118e+08        9.226e+04
     mass       V1    428     0          0.000e+00          2.176e+06        8.312e+03
     mass       V2    428     0          0.000e+00          2.176e+06        1.706e+03
     mass       V3    428     0          0.000e+00          2.211e+04        1.988e+02
     mass       V4    428     0          0.000e+00          1.812e+04        1.721e+02
    sigma       V1    428     0          0.000e+00          3.433e+07        2.072e+05
    sigma       V2    428     0          0.000e+00          3.187e+07        2.334e+04
    sigma       V3    428     0          0.000e+00          2.481e+06        2.464e+03
    sigma       V4    428     0          0.000e+00          2.480e+06        1.641e+03
 halfdiag       V1    428     0          0.000e+00          1.118e+08        2.913e+04
 halfdiag       V2    428     0          0.000e+00          1.118e+08        1.643e+04
 halfdiag       V3    428     0          0.000e+00          1.118e+08        1.643e+04
 halfdiag       V4    428     0          0.000e+00          1.118e+08        1.296e+04
 leafonly       V1    428     0          0.000e+00          1.118e+08        3.162e+04
 leafonly       V2    428     0          0.000e+00          1.118e+08        2.668e+04
 leafonly       V3    428     0          0.000e+00          1.118e+08        2.668e+04
 leafonly       V4    428     0          0.000e+00          1.118e+08        1.472e+04
     mass    V1BAD    428     0          0.000e+00          1.474e+04        1.209e+02   <-- 负对照，故意让它破
 halfdiag    V1BAD    428     0          0.000e+00          1.118e+08        2.468e+04   <-- 负对照，故意让它破

[Q1 结论] 除负对照外全部 (rule,variant) 组合共 0 次违反（要求 0）。
    注意：真实抽样**抓不到**负对照 V1BAD（它违反 0 次）——尾巴点自带的 |wr| 极小，含尾乘积的真实值被质量因子压掉了。所以『含尾项只能用全块 κ^min』这条不能靠抽样立，必须靠下面 Q1g 的手算夹具立。
[Q1 补充] 合成场（rho>0、权重>0、sigma>=0；3400 次判据评估）：违反 0 次，最坏 bound/actual = 1.160e+11

[Q1g] 负对照夹具（2 点，核内 κ̃=13.2540，全块 κ=0.1646，尾质量占比 0.892%，核内点数 1/2）
    真实 |pair_energy(idx,idx)| = 6.974070e-03 Ha（自身块，×1 口径）
       old bound = 8.563204e+01   bound/actual = 1.228e+04   成立
        V1 bound = 1.520976e+00   bound/actual = 2.181e+02   成立
        V2 bound = 1.520976e+00   bound/actual = 2.181e+02   成立
        V3 bound = 7.435268e-03   bound/actual = 1.066e+00   成立
        V4 bound = 7.332901e-03   bound/actual = 1.051e+00   成立
     V1BAD bound = 1.639729e-04   bound/actual = 2.351e-02   **破了，界 < 实际**

[Q3] r_core 取法画像
     rule   mean T/m    max T/m   mean κ̃/κ   min κ̃/κ  mean w̃0/w0      切分节点数
     none  0.000e+00  0.000e+00   1.000e+00  1.000e+00    1.000e+00          0
     mass  4.186e-03  9.997e-03   4.107e+00  1.000e+00    1.050e+00        880
    sigma  1.471e-01  3.713e-01   6.395e+00  1.000e+00    1.305e+00       1381
 halfdiag  9.892e-03  3.455e-01   1.447e+00  1.000e+00    1.052e+00       1016
 leafonly  6.251e-03  3.455e-01   1.166e+00  1.000e+00    1.024e+00        452
    树根（整原子块）的 κ^min vs 核内 κ̃^min、w0^min vs w̃0^min：
      atom 0:  [mass] κ̃=7.184 w̃0=2.81e-01 T/m=9.87e-03  [sigma] κ̃=11.922 w̃0=1.05e+00 T/m=1.55e-01  [halfdiag] κ̃=0.169 w̃0=2.81e-01 T/m=0.00e+00  [leafonly] κ̃=0.169 w̃0=2.81e-01 T/m=0.00e+00   (全块 κ=0.169 w0=2.81e-01)
      atom 1:  [mass] κ̃=4.160 w̃0=4.46e-01 T/m=9.57e-03  [sigma] κ̃=7.485 w̃0=6.47e-01 T/m=1.42e-01  [halfdiag] κ̃=0.179 w̃0=2.99e-01 T/m=0.00e+00  [leafonly] κ̃=0.179 w̃0=2.99e-01 T/m=0.00e+00   (全块 κ=0.179 w0=2.99e-01)
      atom 2:  [mass] κ̃=4.136 w̃0=4.50e-01 T/m=9.95e-03  [sigma] κ̃=7.471 w̃0=6.47e-01 T/m=1.42e-01  [halfdiag] κ̃=0.193 w̃0=2.99e-01 T/m=0.00e+00  [leafonly] κ̃=0.193 w̃0=2.99e-01 T/m=0.00e+00   (全块 κ=0.193 w0=2.99e-01)
      atom 3:  [mass] κ̃=6.175 w̃0=5.69e-01 T/m=9.94e-03  [sigma] κ̃=10.697 w̃0=9.68e-01 T/m=1.44e-01  [halfdiag] κ̃=0.163 w̃0=2.69e-01 T/m=0.00e+00  [leafonly] κ̃=0.163 w̃0=2.69e-01 T/m=0.00e+00   (全块 κ=0.163 w0=2.69e-01)
      atom 4:  [mass] κ̃=3.926 w̃0=2.75e-01 T/m=9.71e-03  [sigma] κ̃=6.860 w̃0=2.75e-01 T/m=1.53e-01  [halfdiag] κ̃=0.169 w̃0=2.75e-01 T/m=0.00e+00  [leafonly] κ̃=0.169 w̃0=2.75e-01 T/m=0.00e+00   (全块 κ=0.169 w0=2.75e-01)
      atom 5:  [mass] κ̃=4.280 w̃0=5.72e-01 T/m=9.32e-03  [sigma] κ̃=7.390 w̃0=6.07e-01 T/m=1.43e-01  [halfdiag] κ̃=0.182 w̃0=3.13e-01 T/m=0.00e+00  [leafonly] κ̃=0.182 w̃0=3.13e-01 T/m=0.00e+00   (全块 κ=0.182 w0=3.13e-01)

[Q2f] 与旧界的逐位/恒等关系（全部叶对，×2 口径）
    叶对 197,686 个；rule=none 时 |变体−old| 最大绝对差（期望是求和次序带来的浮点末位，量级 ~1e-16×m²；若到 1e-10 就是真 bug）：V1=0.000e+00  V2=0.000e+00  V3=0.000e+00  V4=0.000e+00
    halfdiag 相对 old 的最大 (新−old)/old：V1=+1.624e+08  V2=+6.409e-16  V3=+6.409e-16  V4=+4.326e-16
    新界严格大于旧界的叶对数（容差 1e-12）：V1=125097  V2=0  V3=0  V4=0

[Q2a] 原子根对普查（15 对，×2 口径，单位 Ha）
  pair   D_盒(Å)    2|exact|       none/old       mass/V1       mass/V2       mass/V3       mass/V4      sigma/V1      sigma/V2      sigma/V3      sigma/V4   halfdiag/V1   halfdiag/V2   halfdiag/V3   halfdiag/V4   leafonly/V1   leafonly/V2   leafonly/V3   leafonly/V4
  0-1     0.000   1.079e-03      1.390e+03     2.693e+01     2.693e+01     2.357e-01     2.357e-01     3.825e+02     3.825e+02     3.091e+01     3.091e+01     1.390e+03     1.390e+03     1.390e+03     1.390e+03     1.390e+03     1.390e+03     1.390e+03     1.390e+03
  0-2     0.000   1.076e-03      1.241e+03     2.451e+01     2.451e+01     2.263e-01     2.263e-01     3.408e+02     3.408e+02     2.752e+01     2.752e+01     1.241e+03     1.241e+03     1.241e+03     1.241e+03     1.241e+03     1.241e+03     1.241e+03     1.241e+03
  0-3     0.000   1.638e-04      8.397e+03     1.656e+02     1.656e+02     1.152e+00     1.141e+00     2.323e+03     2.323e+03     1.883e+02     1.883e+02     8.397e+03     8.397e+03     8.397e+03     8.397e+03     8.397e+03     8.397e+03     8.397e+03     8.397e+03
  0-4     0.000   4.146e-04      1.653e+03     3.226e+01     3.226e+01     2.832e-01     2.832e-01     4.696e+02     4.696e+02     3.948e+01     3.948e+01     1.653e+03     1.653e+03     1.653e+03     1.653e+03     1.653e+03     1.653e+03     1.653e+03     1.653e+03
  0-5     0.000   5.296e-05      1.394e+03     2.667e+01     2.667e+01     2.303e-01     2.258e-01     3.847e+02     3.847e+02     3.121e+01     3.121e+01     1.394e+03     1.394e+03     1.394e+03     1.394e+03     1.394e+03     1.394e+03     1.394e+03     1.394e+03
  1-2     0.000   2.635e-04      2.213e+02     4.319e+00     4.319e+00     5.705e-02     5.705e-02     5.840e+01     5.840e+01     4.532e+00     4.532e+00     2.213e+02     2.213e+02     2.213e+02     2.213e+02     2.213e+02     2.213e+02     2.213e+02     2.213e+02
  1-3     0.000   2.493e-05      1.494e+03     2.906e+01     2.906e+01     2.675e-01     2.514e-01     3.973e+02     3.973e+02     3.092e+01     3.091e+01     1.494e+03     1.494e+03     1.494e+03     1.494e+03     1.494e+03     1.494e+03     1.494e+03     1.494e+03
  1-4     0.000   6.668e-05      2.944e+02     5.671e+00     5.671e+00     7.037e-02     7.037e-02     8.046e+01     8.046e+01     6.487e+00     6.486e+00     2.944e+02     2.944e+02     2.944e+02     2.944e+02     2.944e+02     2.944e+02     2.944e+02     2.944e+02
  1-5     0.000   1.151e-05      2.485e+02     4.691e+00     4.691e+00     5.751e-02     5.124e-02     6.588e+01     6.588e+01     5.135e+00     5.133e+00     2.485e+02     2.485e+02     2.485e+02     2.485e+02     2.485e+02     2.485e+02     2.485e+02     2.485e+02
  2-3     0.000   2.648e-05      1.333e+03     2.643e+01     2.643e+01     2.571e-01     2.408e-01     3.538e+02     3.538e+02     2.751e+01     2.751e+01     1.333e+03     1.333e+03     1.333e+03     1.333e+03     1.333e+03     1.333e+03     1.333e+03     1.333e+03
  2-4     0.000   6.631e-05      2.627e+02     5.163e+00     5.163e+00     6.822e-02     6.822e-02     7.170e+01     7.170e+01     5.776e+00     5.775e+00     2.627e+02     2.627e+02     2.627e+02     2.627e+02     2.627e+02     2.627e+02     2.627e+02     2.627e+02
  2-5     0.000   7.191e-06      2.220e+02     4.278e+00     4.278e+00     5.581e-02     4.947e-02     5.878e+01     5.878e+01     4.579e+00     4.577e+00     2.220e+02     2.220e+02     2.220e+02     2.220e+02     2.220e+02     2.220e+02     2.220e+02     2.220e+02
  3-4     0.000   1.153e-03      1.778e+03     3.483e+01     3.483e+01     3.213e-01     3.213e-01     4.887e+02     4.887e+02     3.952e+01     3.952e+01     1.778e+03     1.778e+03     1.778e+03     1.778e+03     1.778e+03     1.778e+03     1.778e+03     1.778e+03
  3-5     0.000   1.119e-03      1.498e+03     2.877e+01     2.877e+01     2.614e-01     2.614e-01     3.996e+02     3.996e+02     3.122e+01     3.122e+01     1.498e+03     1.498e+03     1.498e+03     1.498e+03     1.498e+03     1.498e+03     1.498e+03     1.498e+03
  4-5     0.000   2.877e-04      2.952e+02     5.614e+00     5.614e+00     6.882e-02     6.882e-02     8.092e+01     8.092e+01     6.551e+00     6.551e+00     2.952e+02     2.952e+02     2.952e+02     2.952e+02     2.952e+02     2.952e+02     2.952e+02     2.952e+02
    根对界总和(Ha) / 相对旧界 / 界 ≤ 门限 的对数：
    rule/variant          sum    old/new     <=1e-12     <=1e-13   worst b/e
        none/old    2.172e+04  1.000e+00           0           0   5.995e+07
         mass/V1    4.248e+02  5.114e+01           0           0   1.166e+06
         mass/V2    4.248e+02  5.114e+01           0           0   1.166e+06
         mass/V3    3.613e+00  6.013e+03           0           0   1.073e+04
         mass/V4    3.552e+00  6.116e+03           0           0   1.008e+04
        sigma/V1    5.956e+03  3.647e+00           0           0   1.594e+07
        sigma/V2    5.956e+03  3.647e+00           0           0   1.594e+07
        sigma/V3    4.797e+02  4.529e+01           0           0   1.240e+06
        sigma/V4    4.796e+02  4.529e+01           0           0   1.240e+06
     halfdiag/V1    2.172e+04  1.000e+00           0           0   5.995e+07
     halfdiag/V2    2.172e+04  1.000e+00           0           0   5.995e+07
     halfdiag/V3    2.172e+04  1.000e+00           0           0   5.995e+07
     halfdiag/V4    2.172e+04  1.000e+00           0           0   5.995e+07
     leafonly/V1    2.172e+04  1.000e+00           0           0   5.995e+07
     leafonly/V2    2.172e+04  1.000e+00           0           0   5.995e+07
     leafonly/V3    2.172e+04  1.000e+00           0           0   5.995e+07
     leafonly/V4    2.172e+04  1.000e+00           0           0   5.995e+07

[Q2b] 叶对普查（197,686 个 叶×叶 对，×2 口径）
    rule/variant   sum(bnd) Ha    old/new     #<=1e-12    #<=1e-13
        none/old     4.507e-02  1.000e+00       59,644      49,874
         mass/V1     3.223e-02  1.399e+00       44,649      34,232
         mass/V2     3.078e-02  1.464e+00       60,792      50,761
         mass/V3     3.068e-02  1.469e+00       60,820      50,776
         mass/V4     2.984e-02  1.510e+00       62,279      52,095
        sigma/V1     8.048e-02  5.600e-01       29,916      24,442
        sigma/V2     2.737e-02  1.647e+00       61,372      51,180
        sigma/V3     2.343e-02  1.923e+00       62,049      51,697
        sigma/V4     2.115e-02  2.131e+00       64,883      54,594
     halfdiag/V1     3.550e-02  1.270e+00       46,310      36,873
     halfdiag/V2     3.168e-02  1.423e+00       60,285      50,438
     halfdiag/V3     3.158e-02  1.427e+00       60,291      50,441
     halfdiag/V4     3.076e-02  1.466e+00       61,086      51,120
     leafonly/V1     3.550e-02  1.270e+00       46,310      36,873
     leafonly/V2     3.168e-02  1.423e+00       60,285      50,438
     leafonly/V3     3.158e-02  1.427e+00       60,291      50,441
     leafonly/V4     3.076e-02  1.466e+00       61,086      51,120
    叶对总数 197,686 ⇒ 旧界能整块跳掉的叶对占比 30.171%（τ=1e-12）

[Q2c] 界/实际 最坏比值（叶对抽样 390 对）
             mass/V4 最坏 bound/|actual| =  3.346e+04
            sigma/V4 最坏 bound/|actual| =  9.509e+04
             mass/V3 最坏 bound/|actual| =  4.624e+05
            sigma/V3 最坏 bound/|actual| =  5.031e+05
             mass/V2 最坏 bound/|actual| =  6.131e+05
         halfdiag/V4 最坏 bound/|actual| =  1.175e+06
         leafonly/V4 最坏 bound/|actual| =  1.175e+06
         halfdiag/V3 最坏 bound/|actual| =  1.763e+06
         leafonly/V3 最坏 bound/|actual| =  1.763e+06
         halfdiag/V2 最坏 bound/|actual| =  1.844e+06
         leafonly/V2 最坏 bound/|actual| =  1.844e+06
            sigma/V2 最坏 bound/|actual| =  2.056e+06
            none/old 最坏 bound/|actual| =  1.181e+07
             mass/V1 最坏 bound/|actual| =  2.810e+07
         halfdiag/V1 最坏 bound/|actual| =  1.484e+09
         leafonly/V1 最坏 bound/|actual| =  1.484e+09
            sigma/V1 最坏 bound/|actual| =  1.649e+09

[Q2d] MAC 模拟（前沿式，展开规则与 _mac 一致；可跳占比 = dropped/(far+self)）
    far=120,415,263  self=55,939,003  denom=176,354,266
    归档口径核对：τ=1e-12 旧界 accepted=19,157 cert=5.2481e-09 evaluated点对=98,636,494 省下=12.349%

  τ=1e-13 Ha   accepted       dropped点对      可跳占比    cert(Ha)      叶对评估      闭合
            none/old     18,085      17,302,987    9.811%   4.688e-10   147,812      OK
             mass/V1     13,114      11,795,785    6.689%   3.618e-10   163,436      OK
             mass/V2     17,523      17,693,050   10.033%   4.613e-10   146,917      OK
             mass/V3     17,386      17,698,861   10.036%   4.588e-10   146,901      OK
             mass/V4     17,524      18,247,050   10.347%   4.706e-10   145,577      OK
            sigma/V1     10,015       8,361,307    4.741%   3.024e-10   173,244      OK
            sigma/V2     17,468      17,790,745   10.088%   4.610e-10   146,506      OK
            sigma/V3     17,103      18,012,105   10.214%   4.591e-10   145,989      OK
            sigma/V4     17,534      19,193,571   10.884%   4.718e-10   143,092      OK
         halfdiag/V1     14,299      13,396,292    7.596%   3.750e-10   160,145      OK
         halfdiag/V2     17,845      17,524,399    9.937%   4.726e-10   147,248      OK
         halfdiag/V3     17,840      17,525,207    9.938%   4.724e-10   147,245      OK
         halfdiag/V4     18,052      17,764,985   10.073%   4.799e-10   146,566      OK
         leafonly/V1     13,077      13,847,853    7.852%   3.815e-10   158,745      OK
         leafonly/V2     18,483      17,524,399    9.937%   4.776e-10   147,248      OK
         leafonly/V3     18,486      17,525,207    9.938%   4.775e-10   147,245      OK
         leafonly/V4     18,790      17,764,985   10.073%   4.838e-10   146,566      OK

  τ=1e-12 Ha   accepted       dropped点对      可跳占比    cert(Ha)      叶对评估      闭合
            none/old     19,157      21,778,769   12.349%   5.248e-09   138,042      OK
             mass/V1     17,255      15,622,052    8.858%   5.454e-09   152,934      OK
             mass/V2     18,615      22,363,907   12.681%   5.230e-09   136,888      OK
             mass/V3     18,521      22,376,787   12.689%   5.216e-09   136,860      OK
             mass/V4     18,699      23,062,952   13.078%   5.286e-09   135,390      OK
            sigma/V1     10,752      10,272,152    5.825%   2.826e-09   167,770      OK
            sigma/V2     18,720      22,623,200   12.828%   5.336e-09   136,314      OK
            sigma/V3     18,511      22,936,354   13.006%   5.338e-09   135,637      OK
            sigma/V4     18,759      24,072,072   13.650%   5.265e-09   132,803      OK
         halfdiag/V1     17,454      17,586,852    9.972%   4.703e-09   150,335      OK
         halfdiag/V2     18,830      22,062,030   12.510%   5.279e-09   137,401      OK
         halfdiag/V3     18,829      22,063,323   12.511%   5.278e-09   137,395      OK
         halfdiag/V4     19,048      22,326,026   12.660%   5.348e-09   136,600      OK
         leafonly/V1     15,226      18,233,238   10.339%   4.774e-09   148,311      OK
         leafonly/V2     19,585      22,062,030   12.510%   5.351e-09   137,401      OK
         leafonly/V3     19,591      22,063,323   12.511%   5.352e-09   137,395      OK
         leafonly/V4     19,957      22,326,026   12.660%   5.422e-09   136,600      OK
    ⇒ τ=1e-12 旧 12.349% → 新最好 13.650%（sigma/V4），倍数 1.1x

  τ=1e-10 Ha   accepted       dropped点对      可跳占比    cert(Ha)      叶对评估      闭合
            none/old     25,554      38,955,687   22.089%   8.314e-07   110,325      OK
             mass/V1     25,396      29,386,941   16.664%   8.026e-07   125,898      OK
             mass/V2     25,036      40,102,823   22.740%   8.271e-07   108,445      OK
             mass/V3     24,843      40,136,372   22.759%   8.257e-07   108,403      OK
             mass/V4     24,461      41,057,556   23.281%   8.260e-07   106,876      OK
            sigma/V1     17,468      17,599,200    9.979%   5.560e-07   148,790      OK
            sigma/V2     25,075      40,615,003   23.030%   8.402e-07   107,592      OK
            sigma/V3     24,618      41,280,376   23.408%   8.406e-07   106,566      OK
            sigma/V4     24,307      42,903,377   24.328%   8.331e-07   103,623      OK
         halfdiag/V1     24,870      32,384,729   18.363%   7.272e-07   122,180      OK
         halfdiag/V2     25,352      39,672,149   22.496%   8.430e-07   109,060      OK
         halfdiag/V3     25,349      39,687,212   22.504%   8.423e-07   109,046      OK
         halfdiag/V4     25,456      40,071,803   22.722%   8.510e-07   108,175      OK
         leafonly/V1     21,118      33,521,534   19.008%   7.208e-07   119,279      OK
         leafonly/V2     26,345      39,672,149   22.496%   8.538e-07   109,060      OK
         leafonly/V3     26,359      39,687,212   22.504%   8.536e-07   109,046      OK
         leafonly/V4     26,721      40,071,803   22.722%   8.611e-07   108,175      OK

[Q2e] 细化次可加性（父界 vs 两子界之和；抽样 2000 组节点对）
    rule/variant      测过      父<子和       最坏 子和/父
        none/old    2000         0     0.000e+00
         mass/V1    2000       114     2.565e+01
         mass/V2    2000        41     2.088e+00
         mass/V3    2000        43     2.101e+00
         mass/V4    2000        37     2.067e+00
        sigma/V1    2000       184     1.732e+00
        sigma/V2    2000        57     1.290e+00
        sigma/V3    2000        69     1.642e+00
        sigma/V4    2000        54     1.642e+00
     halfdiag/V1    2000       321     8.822e+03
     halfdiag/V2    2000        31     1.121e+00
     halfdiag/V3    2000        25     1.129e+00
     halfdiag/V4    2000        24     1.132e+00
     leafonly/V1    2000       293     4.340e+04
     leafonly/V2    2000         2     1.022e+00
     leafonly/V3    2000         0     0.000e+00
     leafonly/V4    2000         0     0.000e+00

==============================================================================
[判定摘要]
    τ=1e-12：可跳点对占比 旧 12.349% → 新最好 13.650%（sigma/V4），1.11x；归档基线 12.349%（`logs/20260929T101447Z_probe_bound_forms.out:24`）
    翻盘阈值（简报给的）：>30% ⇒ 未达到；本体系实测 13.650%
    叶对界总和：旧 4.507e-02 Ha → 新最好 2.115e-02 Ha（sigma/V4，2.13x）
    叶对界 ≤1e-12 Ha 的对数：旧 59,644 → 新最好 64,883（共 197,686 个叶对）
    根对界 ≤1e-12 Ha：旧 0/15，新最好 0/15（根对界总和 2.172e+04 → 3.552e+00 Ha）
    可证性：非负对照违反 0 次；新界是旧界的严格推广（rule=none 时 |变体−old| 最大 0.000e+00；V2/V3/V4 超过旧界的叶对数 0/0/0，共 197,686 个叶对）。负对照在真实抽样里 0 次没抓到，靠 Q1g 夹具才证伪。
    墙钟/加速比：NOT_MEASURED（本机多代理并发）。
EXIT=0
